22-Jun-2026 20:59:23.528 INFO [main] org.apache.catalina.startup.VersionLoggerListener.log Server version name:   Apache Tomcat/11.0.22
22-Jun-2026 20:59:23.535 INFO [main] org.apache.catalina.startup.VersionLoggerListener.log Server built:          May 1 2026 18:29:05 UTC
22-Jun-2026 20:59:23.535 INFO [main] org.apache.catalina.startup.VersionLoggerListener.log Server version number: 11.0.22.0
22-Jun-2026 20:59:23.536 INFO [main] org.apache.catalina.startup.VersionLoggerListener.log OS Name:               Windows 10
22-Jun-2026 20:59:23.536 INFO [main] org.apache.catalina.startup.VersionLoggerListener.log OS Version:            10.0
22-Jun-2026 20:59:23.536 INFO [main] org.apache.catalina.startup.VersionLoggerListener.log Architecture:          amd64
22-Jun-2026 20:59:23.536 INFO [main] org.apache.catalina.startup.VersionLoggerListener.log Java Home:             C:\Program Files\Java\jdk-21
22-Jun-2026 20:59:23.537 INFO [main] org.apache.catalina.startup.VersionLoggerListener.log JVM Version:           21.0.1+12-LTS-29
22-Jun-2026 20:59:23.537 INFO [main] org.apache.catalina.startup.VersionLoggerListener.log JVM Vendor:            Oracle Corporation
22-Jun-2026 20:59:23.537 INFO [main] org.apache.catalina.startup.VersionLoggerListener.log CATALINA_BASE:         C:\Users\Admin\Documents\IdeaProjects\ServletDemo\FormWithDatabase
22-Jun-2026 20:59:23.537 INFO [main] org.apache.catalina.startup.VersionLoggerListener.log CATALINA_HOME:         E:\Softwares\apache-tomcat-11.0.22
22-Jun-2026 20:59:23.547 INFO [main] org.apache.catalina.startup.VersionLoggerListener.log Command line argument: --add-opens=java.base/java.lang=ALL-UNNAMED
22-Jun-2026 20:59:23.548 INFO [main] org.apache.catalina.startup.VersionLoggerListener.log Command line argument: --add-opens=java.base/java.io=ALL-UNNAMED
22-Jun-2026 20:59:23.548 INFO [main] org.apache.catalina.startup.VersionLoggerListener.log Command line argument: --add-opens=java.base/java.util=ALL-UNNAMED
22-Jun-2026 20:59:23.548 INFO [main] org.apache.catalina.startup.VersionLoggerListener.log Command line argument: --add-opens=java.base/java.util.concurrent=ALL-UNNAMED
22-Jun-2026 20:59:23.548 INFO [main] org.apache.catalina.startup.VersionLoggerListener.log Command line argument: --add-opens=java.rmi/sun.rmi.transport=ALL-UNNAMED
22-Jun-2026 20:59:23.548 INFO [main] org.apache.catalina.startup.VersionLoggerListener.log Command line argument: -Dcatalina.home=E:\Softwares\apache-tomcat-11.0.22
22-Jun-2026 20:59:23.548 INFO [main] org.apache.catalina.startup.VersionLoggerListener.log Command line argument: -Dcatalina.base=C:\Users\Admin\Documents\IdeaProjects\ServletDemo\FormWithDatabase
22-Jun-2026 20:59:23.548 INFO [main] org.apache.catalina.startup.VersionLoggerListener.log Command line argument: -Djava.io.tmpdir=C:\Users\Admin\Documents\IdeaProjects\ServletDemo\FormWithDatabase\temp
22-Jun-2026 20:59:23.548 INFO [main] org.apache.catalina.startup.VersionLoggerListener.log Command line argument: -Djava.util.logging.config.file=C:\Users\Admin\Documents\IdeaProjects\ServletDemo\FormWithDatabase\conf\logging.properties
22-Jun-2026 20:59:23.548 INFO [main] org.apache.catalina.startup.VersionLoggerListener.log Command line argument: -Djava.util.logging.manager=org.apache.juli.ClassLoaderLogManager
22-Jun-2026 20:59:23.548 INFO [main] org.apache.catalina.startup.VersionLoggerListener.log Command line argument: -javaagent:C:\Program Files\JetBrains\IntelliJ IDEA Community Edition 2023.3.2\lib\idea_rt.jar=61480:C:\Program Files\JetBrains\IntelliJ IDEA Community Edition 2023.3.2\bin
22-Jun-2026 20:59:23.549 INFO [main] org.apache.catalina.startup.VersionLoggerListener.log Command line argument: -Dfile.encoding=UTF-8
22-Jun-2026 20:59:23.549 INFO [main] org.apache.catalina.startup.VersionLoggerListener.log Command line argument: -Dsun.stdout.encoding=UTF-8
22-Jun-2026 20:59:23.549 INFO [main] org.apache.catalina.startup.VersionLoggerListener.log Command line argument: -Dsun.stderr.encoding=UTF-8
22-Jun-2026 20:59:23.657 INFO [main] org.apache.catalina.core.AprLifecycleListener.lifecycleEvent Loaded Apache Tomcat Native library [2.0.14] using APR version [1.7.6].
22-Jun-2026 20:59:23.688 INFO [main] org.apache.catalina.core.AprLifecycleListener.initializeSSL OpenSSL successfully initialized [OpenSSL 3.5.5 27 Jan 2026]
22-Jun-2026 20:59:24.029 INFO [main] org.apache.coyote.AbstractProtocol.init Initializing ProtocolHandler ["http-nio-8060"]
22-Jun-2026 20:59:24.048 INFO [main] org.apache.catalina.startup.Catalina.load Server initialization in [832] milliseconds
22-Jun-2026 20:59:24.103 INFO [main] org.apache.catalina.core.StandardService.startInternal Starting service [Catalina]
22-Jun-2026 20:59:24.103 INFO [main] org.apache.catalina.core.StandardEngine.startInternal Starting Servlet engine: [Apache Tomcat/11.0.22]
22-Jun-2026 20:59:24.117 INFO [main] org.apache.catalina.startup.HostConfig.deployDescriptor Deploying deployment descriptor [C:\Users\Admin\Documents\IdeaProjects\ServletDemo\FormWithDatabase\conf\Catalina\localhost\MVCApp.xml]
22-Jun-2026 20:59:25.351 INFO [main] org.apache.jasper.servlet.TldScanner.scanJars At least one JAR was scanned for TLDs yet contained no TLDs. Enable debug logging for this logger for a complete list of JARs that were scanned but no TLDs were found in them. Skipping unneeded JARs during scanning can improve startup time and JSP compilation time.
22-Jun-2026 20:59:25.422 INFO [main] org.apache.catalina.startup.HostConfig.deployDescriptor Deployment of deployment descriptor [C:\Users\Admin\Documents\IdeaProjects\ServletDemo\FormWithDatabase\conf\Catalina\localhost\MVCApp.xml] has finished in [1,304] ms
22-Jun-2026 20:59:25.423 INFO [main] org.apache.catalina.startup.HostConfig.deployDescriptor Deploying deployment descriptor [C:\Users\Admin\Documents\IdeaProjects\ServletDemo\FormWithDatabase\conf\Catalina\localhost\ServletLifecycle.xml]
22-Jun-2026 20:59:25.493 INFO [main] org.apache.catalina.startup.HostConfig.deployDescriptor Deployment of deployment descriptor [C:\Users\Admin\Documents\IdeaProjects\ServletDemo\FormWithDatabase\conf\Catalina\localhost\ServletLifecycle.xml] has finished in [71] ms
22-Jun-2026 20:59:25.496 INFO [main] org.apache.coyote.AbstractProtocol.start Starting ProtocolHandler ["http-nio-8060"]
22-Jun-2026 20:59:25.523 INFO [main] org.apache.catalina.startup.Catalina.start Server startup in [1474] milliseconds
22-Jun-2026 20:59:46.106 INFO [Thread-1] org.apache.coyote.AbstractProtocol.pause Pausing ProtocolHandler ["http-nio-8060"]
22-Jun-2026 20:59:46.118 INFO [Thread-1] org.apache.catalina.core.StandardService.stopInternal Stopping service [Catalina]
22-Jun-2026 20:59:46.131 INFO [Thread-1] org.apache.coyote.AbstractProtocol.stop Stopping ProtocolHandler ["http-nio-8060"]
22-Jun-2026 20:59:46.146 INFO [Thread-1] org.apache.coyote.AbstractProtocol.destroy Destroying ProtocolHandler ["http-nio-8060"]
22-Jun-2026 21:00:30.729 INFO [main] org.apache.catalina.startup.VersionLoggerListener.log Server version name:   Apache Tomcat/11.0.22
22-Jun-2026 21:00:30.737 INFO [main] org.apache.catalina.startup.VersionLoggerListener.log Server built:          May 1 2026 18:29:05 UTC
22-Jun-2026 21:00:30.738 INFO [main] org.apache.catalina.startup.VersionLoggerListener.log Server version number: 11.0.22.0
22-Jun-2026 21:00:30.738 INFO [main] org.apache.catalina.startup.VersionLoggerListener.log OS Name:               Windows 10
22-Jun-2026 21:00:30.738 INFO [main] org.apache.catalina.startup.VersionLoggerListener.log OS Version:            10.0
22-Jun-2026 21:00:30.738 INFO [main] org.apache.catalina.startup.VersionLoggerListener.log Architecture:          amd64
22-Jun-2026 21:00:30.738 INFO [main] org.apache.catalina.startup.VersionLoggerListener.log Java Home:             C:\Program Files\Java\jdk-21
22-Jun-2026 21:00:30.741 INFO [main] org.apache.catalina.startup.VersionLoggerListener.log JVM Version:           21.0.1+12-LTS-29
22-Jun-2026 21:00:30.742 INFO [main] org.apache.catalina.startup.VersionLoggerListener.log JVM Vendor:            Oracle Corporation
22-Jun-2026 21:00:30.742 INFO [main] org.apache.catalina.startup.VersionLoggerListener.log CATALINA_BASE:         C:\Users\Admin\Documents\IdeaProjects\ServletDemo\FormWithDatabase
22-Jun-2026 21:00:30.742 INFO [main] org.apache.catalina.startup.VersionLoggerListener.log CATALINA_HOME:         E:\Softwares\apache-tomcat-11.0.22
22-Jun-2026 21:00:30.755 INFO [main] org.apache.catalina.startup.VersionLoggerListener.log Command line argument: --add-opens=java.base/java.lang=ALL-UNNAMED
22-Jun-2026 21:00:30.755 INFO [main] org.apache.catalina.startup.VersionLoggerListener.log Command line argument: --add-opens=java.base/java.io=ALL-UNNAMED
22-Jun-2026 21:00:30.756 INFO [main] org.apache.catalina.startup.VersionLoggerListener.log Command line argument: --add-opens=java.base/java.util=ALL-UNNAMED
22-Jun-2026 21:00:30.756 INFO [main] org.apache.catalina.startup.VersionLoggerListener.log Command line argument: --add-opens=java.base/java.util.concurrent=ALL-UNNAMED
22-Jun-2026 21:00:30.756 INFO [main] org.apache.catalina.startup.VersionLoggerListener.log Command line argument: --add-opens=java.rmi/sun.rmi.transport=ALL-UNNAMED
22-Jun-2026 21:00:30.756 INFO [main] org.apache.catalina.startup.VersionLoggerListener.log Command line argument: -Dcatalina.home=E:\Softwares\apache-tomcat-11.0.22
22-Jun-2026 21:00:30.756 INFO [main] org.apache.catalina.startup.VersionLoggerListener.log Command line argument: -Dcatalina.base=C:\Users\Admin\Documents\IdeaProjects\ServletDemo\FormWithDatabase
22-Jun-2026 21:00:30.756 INFO [main] org.apache.catalina.startup.VersionLoggerListener.log Command line argument: -Djava.io.tmpdir=C:\Users\Admin\Documents\IdeaProjects\ServletDemo\FormWithDatabase\temp
22-Jun-2026 21:00:30.757 INFO [main] org.apache.catalina.startup.VersionLoggerListener.log Command line argument: -Djava.util.logging.config.file=C:\Users\Admin\Documents\IdeaProjects\ServletDemo\FormWithDatabase\conf\logging.properties
22-Jun-2026 21:00:30.757 INFO [main] org.apache.catalina.startup.VersionLoggerListener.log Command line argument: -Djava.util.logging.manager=org.apache.juli.ClassLoaderLogManager
22-Jun-2026 21:00:30.757 INFO [main] org.apache.catalina.startup.VersionLoggerListener.log Command line argument: -javaagent:C:\Program Files\JetBrains\IntelliJ IDEA Community Edition 2023.3.2\lib\idea_rt.jar=62101:C:\Program Files\JetBrains\IntelliJ IDEA Community Edition 2023.3.2\bin
22-Jun-2026 21:00:30.757 INFO [main] org.apache.catalina.startup.VersionLoggerListener.log Command line argument: -Dfile.encoding=UTF-8
22-Jun-2026 21:00:30.757 INFO [main] org.apache.catalina.startup.VersionLoggerListener.log Command line argument: -Dsun.stdout.encoding=UTF-8
22-Jun-2026 21:00:30.757 INFO [main] org.apache.catalina.startup.VersionLoggerListener.log Command line argument: -Dsun.stderr.encoding=UTF-8
22-Jun-2026 21:00:30.760 INFO [main] org.apache.catalina.core.AprLifecycleListener.lifecycleEvent Loaded Apache Tomcat Native library [2.0.14] using APR version [1.7.6].
22-Jun-2026 21:00:30.766 INFO [main] org.apache.catalina.core.AprLifecycleListener.initializeSSL OpenSSL successfully initialized [OpenSSL 3.5.5 27 Jan 2026]
22-Jun-2026 21:00:31.197 INFO [main] org.apache.coyote.AbstractProtocol.init Initializing ProtocolHandler ["http-nio-8060"]
22-Jun-2026 21:00:31.223 INFO [main] org.apache.catalina.startup.Catalina.load Server initialization in [756] milliseconds
22-Jun-2026 21:00:31.290 INFO [main] org.apache.catalina.core.StandardService.startInternal Starting service [Catalina]
22-Jun-2026 21:00:31.290 INFO [main] org.apache.catalina.core.StandardEngine.startInternal Starting Servlet engine: [Apache Tomcat/11.0.22]
22-Jun-2026 21:00:31.306 INFO [main] org.apache.catalina.startup.HostConfig.deployDescriptor Deploying deployment descriptor [C:\Users\Admin\Documents\IdeaProjects\ServletDemo\FormWithDatabase\conf\Catalina\localhost\MVCApp.xml]
22-Jun-2026 21:00:32.438 INFO [main] org.apache.jasper.servlet.TldScanner.scanJars At least one JAR was scanned for TLDs yet contained no TLDs. Enable debug logging for this logger for a complete list of JARs that were scanned but no TLDs were found in them. Skipping unneeded JARs during scanning can improve startup time and JSP compilation time.
22-Jun-2026 21:00:32.515 INFO [main] org.apache.catalina.startup.HostConfig.deployDescriptor Deployment of deployment descriptor [C:\Users\Admin\Documents\IdeaProjects\ServletDemo\FormWithDatabase\conf\Catalina\localhost\MVCApp.xml] has finished in [1,208] ms
22-Jun-2026 21:00:32.515 INFO [main] org.apache.catalina.startup.HostConfig.deployDescriptor Deploying deployment descriptor [C:\Users\Admin\Documents\IdeaProjects\ServletDemo\FormWithDatabase\conf\Catalina\localhost\ServletLifecycle.xml]
22-Jun-2026 21:00:32.588 INFO [main] org.apache.catalina.startup.HostConfig.deployDescriptor Deployment of deployment descriptor [C:\Users\Admin\Documents\IdeaProjects\ServletDemo\FormWithDatabase\conf\Catalina\localhost\ServletLifecycle.xml] has finished in [72] ms
22-Jun-2026 21:00:32.596 INFO [main] org.apache.coyote.AbstractProtocol.start Starting ProtocolHandler ["http-nio-8060"]
22-Jun-2026 21:00:32.633 INFO [main] org.apache.catalina.startup.Catalina.start Server startup in [1409] milliseconds
22-Jun-2026 21:01:01.569 INFO [Thread-1] org.apache.coyote.AbstractProtocol.pause Pausing ProtocolHandler ["http-nio-8060"]
22-Jun-2026 21:01:01.580 INFO [Thread-1] org.apache.catalina.core.StandardService.stopInternal Stopping service [Catalina]
22-Jun-2026 21:01:01.591 INFO [Thread-1] org.apache.coyote.AbstractProtocol.stop Stopping ProtocolHandler ["http-nio-8060"]
22-Jun-2026 21:01:01.619 INFO [Thread-1] org.apache.coyote.AbstractProtocol.destroy Destroying ProtocolHandler ["http-nio-8060"]
22-Jun-2026 21:01:31.566 INFO [main] org.apache.catalina.startup.VersionLoggerListener.log Server version name:   Apache Tomcat/11.0.22
22-Jun-2026 21:01:31.574 INFO [main] org.apache.catalina.startup.VersionLoggerListener.log Server built:          May 1 2026 18:29:05 UTC
22-Jun-2026 21:01:31.574 INFO [main] org.apache.catalina.startup.VersionLoggerListener.log Server version number: 11.0.22.0
22-Jun-2026 21:01:31.575 INFO [main] org.apache.catalina.startup.VersionLoggerListener.log OS Name:               Windows 10
22-Jun-2026 21:01:31.575 INFO [main] org.apache.catalina.startup.VersionLoggerListener.log OS Version:            10.0
22-Jun-2026 21:01:31.575 INFO [main] org.apache.catalina.startup.VersionLoggerListener.log Architecture:          amd64
22-Jun-2026 21:01:31.575 INFO [main] org.apache.catalina.startup.VersionLoggerListener.log Java Home:             C:\Program Files\Java\jdk-21
22-Jun-2026 21:01:31.576 INFO [main] org.apache.catalina.startup.VersionLoggerListener.log JVM Version:           21.0.1+12-LTS-29
22-Jun-2026 21:01:31.576 INFO [main] org.apache.catalina.startup.VersionLoggerListener.log JVM Vendor:            Oracle Corporation
22-Jun-2026 21:01:31.576 INFO [main] org.apache.catalina.startup.VersionLoggerListener.log CATALINA_BASE:         C:\Users\Admin\Documents\IdeaProjects\ServletDemo\FormWithDatabase
22-Jun-2026 21:01:31.576 INFO [main] org.apache.catalina.startup.VersionLoggerListener.log CATALINA_HOME:         E:\Softwares\apache-tomcat-11.0.22
22-Jun-2026 21:01:31.593 INFO [main] org.apache.catalina.startup.VersionLoggerListener.log Command line argument: --add-opens=java.base/java.lang=ALL-UNNAMED
22-Jun-2026 21:01:31.593 INFO [main] org.apache.catalina.startup.VersionLoggerListener.log Command line argument: --add-opens=java.base/java.io=ALL-UNNAMED
22-Jun-2026 21:01:31.593 INFO [main] org.apache.catalina.startup.VersionLoggerListener.log Command line argument: --add-opens=java.base/java.util=ALL-UNNAMED
22-Jun-2026 21:01:31.594 INFO [main] org.apache.catalina.startup.VersionLoggerListener.log Command line argument: --add-opens=java.base/java.util.concurrent=ALL-UNNAMED
22-Jun-2026 21:01:31.594 INFO [main] org.apache.catalina.startup.VersionLoggerListener.log Command line argument: --add-opens=java.rmi/sun.rmi.transport=ALL-UNNAMED
22-Jun-2026 21:01:31.594 INFO [main] org.apache.catalina.startup.VersionLoggerListener.log Command line argument: -Dcatalina.home=E:\Softwares\apache-tomcat-11.0.22
22-Jun-2026 21:01:31.594 INFO [main] org.apache.catalina.startup.VersionLoggerListener.log Command line argument: -Dcatalina.base=C:\Users\Admin\Documents\IdeaProjects\ServletDemo\FormWithDatabase
22-Jun-2026 21:01:31.594 INFO [main] org.apache.catalina.startup.VersionLoggerListener.log Command line argument: -Djava.io.tmpdir=C:\Users\Admin\Documents\IdeaProjects\ServletDemo\FormWithDatabase\temp
22-Jun-2026 21:01:31.595 INFO [main] org.apache.catalina.startup.VersionLoggerListener.log Command line argument: -Djava.util.logging.config.file=C:\Users\Admin\Documents\IdeaProjects\ServletDemo\FormWithDatabase\conf\logging.properties
22-Jun-2026 21:01:31.595 INFO [main] org.apache.catalina.startup.VersionLoggerListener.log Command line argument: -Djava.util.logging.manager=org.apache.juli.ClassLoaderLogManager
22-Jun-2026 21:01:31.595 INFO [main] org.apache.catalina.startup.VersionLoggerListener.log Command line argument: -javaagent:C:\Program Files\JetBrains\IntelliJ IDEA Community Edition 2023.3.2\lib\idea_rt.jar=62656:C:\Program Files\JetBrains\IntelliJ IDEA Community Edition 2023.3.2\bin
22-Jun-2026 21:01:31.596 INFO [main] org.apache.catalina.startup.VersionLoggerListener.log Command line argument: -Dfile.encoding=UTF-8
22-Jun-2026 21:01:31.596 INFO [main] org.apache.catalina.startup.VersionLoggerListener.log Command line argument: -Dsun.stdout.encoding=UTF-8
22-Jun-2026 21:01:31.596 INFO [main] org.apache.catalina.startup.VersionLoggerListener.log Command line argument: -Dsun.stderr.encoding=UTF-8
22-Jun-2026 21:01:31.600 INFO [main] org.apache.catalina.core.AprLifecycleListener.lifecycleEvent Loaded Apache Tomcat Native library [2.0.14] using APR version [1.7.6].
22-Jun-2026 21:01:31.609 INFO [main] org.apache.catalina.core.AprLifecycleListener.initializeSSL OpenSSL successfully initialized [OpenSSL 3.5.5 27 Jan 2026]
22-Jun-2026 21:01:32.033 INFO [main] org.apache.coyote.AbstractProtocol.init Initializing ProtocolHandler ["http-nio-8060"]
22-Jun-2026 21:01:32.057 INFO [main] org.apache.catalina.startup.Catalina.load Server initialization in [758] milliseconds
22-Jun-2026 21:01:32.122 INFO [main] org.apache.catalina.core.StandardService.startInternal Starting service [Catalina]
22-Jun-2026 21:01:32.122 INFO [main] org.apache.catalina.core.StandardEngine.startInternal Starting Servlet engine: [Apache Tomcat/11.0.22]
22-Jun-2026 21:01:32.138 INFO [main] org.apache.catalina.startup.HostConfig.deployDescriptor Deploying deployment descriptor [C:\Users\Admin\Documents\IdeaProjects\ServletDemo\FormWithDatabase\conf\Catalina\localhost\MVCApp.xml]
22-Jun-2026 21:01:33.045 INFO [main] org.apache.jasper.servlet.TldScanner.scanJars At least one JAR was scanned for TLDs yet contained no TLDs. Enable debug logging for this logger for a complete list of JARs that were scanned but no TLDs were found in them. Skipping unneeded JARs during scanning can improve startup time and JSP compilation time.
22-Jun-2026 21:01:33.100 INFO [main] org.apache.catalina.startup.HostConfig.deployDescriptor Deployment of deployment descriptor [C:\Users\Admin\Documents\IdeaProjects\ServletDemo\FormWithDatabase\conf\Catalina\localhost\MVCApp.xml] has finished in [962] ms
22-Jun-2026 21:01:33.101 INFO [main] org.apache.catalina.startup.HostConfig.deployDescriptor Deploying deployment descriptor [C:\Users\Admin\Documents\IdeaProjects\ServletDemo\FormWithDatabase\conf\Catalina\localhost\ServletLifecycle.xml]
22-Jun-2026 21:01:33.163 INFO [main] org.apache.catalina.startup.HostConfig.deployDescriptor Deployment of deployment descriptor [C:\Users\Admin\Documents\IdeaProjects\ServletDemo\FormWithDatabase\conf\Catalina\localhost\ServletLifecycle.xml] has finished in [62] ms
22-Jun-2026 21:01:33.167 INFO [main] org.apache.coyote.AbstractProtocol.start Starting ProtocolHandler ["http-nio-8060"]
22-Jun-2026 21:01:33.191 INFO [main] org.apache.catalina.startup.Catalina.start Server startup in [1133] milliseconds
22-Jun-2026 21:02:42.050 INFO [Thread-1] org.apache.coyote.AbstractProtocol.pause Pausing ProtocolHandler ["http-nio-8060"]
22-Jun-2026 21:02:42.062 INFO [Thread-1] org.apache.catalina.core.StandardService.stopInternal Stopping service [Catalina]
22-Jun-2026 21:02:42.078 INFO [Thread-1] org.apache.coyote.AbstractProtocol.stop Stopping ProtocolHandler ["http-nio-8060"]
22-Jun-2026 21:02:42.091 INFO [Thread-1] org.apache.coyote.AbstractProtocol.destroy Destroying ProtocolHandler ["http-nio-8060"]
22-Jun-2026 21:03:01.629 INFO [main] org.apache.catalina.startup.VersionLoggerListener.log Server version name:   Apache Tomcat/11.0.22
22-Jun-2026 21:03:01.639 INFO [main] org.apache.catalina.startup.VersionLoggerListener.log Server built:          May 1 2026 18:29:05 UTC
22-Jun-2026 21:03:01.639 INFO [main] org.apache.catalina.startup.VersionLoggerListener.log Server version number: 11.0.22.0
22-Jun-2026 21:03:01.639 INFO [main] org.apache.catalina.startup.VersionLoggerListener.log OS Name:               Windows 10
22-Jun-2026 21:03:01.640 INFO [main] org.apache.catalina.startup.VersionLoggerListener.log OS Version:            10.0
22-Jun-2026 21:03:01.640 INFO [main] org.apache.catalina.startup.VersionLoggerListener.log Architecture:          amd64
22-Jun-2026 21:03:01.640 INFO [main] org.apache.catalina.startup.VersionLoggerListener.log Java Home:             C:\Program Files\Java\jdk-21
22-Jun-2026 21:03:01.640 INFO [main] org.apache.catalina.startup.VersionLoggerListener.log JVM Version:           21.0.1+12-LTS-29
22-Jun-2026 21:03:01.640 INFO [main] org.apache.catalina.startup.VersionLoggerListener.log JVM Vendor:            Oracle Corporation
22-Jun-2026 21:03:01.641 INFO [main] org.apache.catalina.startup.VersionLoggerListener.log CATALINA_BASE:         C:\Users\Admin\Documents\IdeaProjects\ServletDemo\FormWithDatabase
22-Jun-2026 21:03:01.641 INFO [main] org.apache.catalina.startup.VersionLoggerListener.log CATALINA_HOME:         E:\Softwares\apache-tomcat-11.0.22
22-Jun-2026 21:03:01.658 INFO [main] org.apache.catalina.startup.VersionLoggerListener.log Command line argument: --add-opens=java.base/java.lang=ALL-UNNAMED
22-Jun-2026 21:03:01.658 INFO [main] org.apache.catalina.startup.VersionLoggerListener.log Command line argument: --add-opens=java.base/java.io=ALL-UNNAMED
22-Jun-2026 21:03:01.658 INFO [main] org.apache.catalina.startup.VersionLoggerListener.log Command line argument: --add-opens=java.base/java.util=ALL-UNNAMED
22-Jun-2026 21:03:01.659 INFO [main] org.apache.catalina.startup.VersionLoggerListener.log Command line argument: --add-opens=java.base/java.util.concurrent=ALL-UNNAMED
22-Jun-2026 21:03:01.659 INFO [main] org.apache.catalina.startup.VersionLoggerListener.log Command line argument: --add-opens=java.rmi/sun.rmi.transport=ALL-UNNAMED
22-Jun-2026 21:03:01.659 INFO [main] org.apache.catalina.startup.VersionLoggerListener.log Command line argument: -Dcatalina.home=E:\Softwares\apache-tomcat-11.0.22
22-Jun-2026 21:03:01.659 INFO [main] org.apache.catalina.startup.VersionLoggerListener.log Command line argument: -Dcatalina.base=C:\Users\Admin\Documents\IdeaProjects\ServletDemo\FormWithDatabase
22-Jun-2026 21:03:01.659 INFO [main] org.apache.catalina.startup.VersionLoggerListener.log Command line argument: -Djava.io.tmpdir=C:\Users\Admin\Documents\IdeaProjects\ServletDemo\FormWithDatabase\temp
22-Jun-2026 21:03:01.659 INFO [main] org.apache.catalina.startup.VersionLoggerListener.log Command line argument: -Djava.util.logging.config.file=C:\Users\Admin\Documents\IdeaProjects\ServletDemo\FormWithDatabase\conf\logging.properties
22-Jun-2026 21:03:01.659 INFO [main] org.apache.catalina.startup.VersionLoggerListener.log Command line argument: -Djava.util.logging.manager=org.apache.juli.ClassLoaderLogManager
22-Jun-2026 21:03:01.660 INFO [main] org.apache.catalina.startup.VersionLoggerListener.log Command line argument: -javaagent:C:\Program Files\JetBrains\IntelliJ IDEA Community Edition 2023.3.2\lib\idea_rt.jar=63444:C:\Program Files\JetBrains\IntelliJ IDEA Community Edition 2023.3.2\bin
22-Jun-2026 21:03:01.660 INFO [main] org.apache.catalina.startup.VersionLoggerListener.log Command line argument: -Dfile.encoding=UTF-8
22-Jun-2026 21:03:01.660 INFO [main] org.apache.catalina.startup.VersionLoggerListener.log Command line argument: -Dsun.stdout.encoding=UTF-8
22-Jun-2026 21:03:01.660 INFO [main] org.apache.catalina.startup.VersionLoggerListener.log Command line argument: -Dsun.stderr.encoding=UTF-8
22-Jun-2026 21:03:01.663 INFO [main] org.apache.catalina.core.AprLifecycleListener.lifecycleEvent Loaded Apache Tomcat Native library [2.0.14] using APR version [1.7.6].
22-Jun-2026 21:03:01.670 INFO [main] org.apache.catalina.core.AprLifecycleListener.initializeSSL OpenSSL successfully initialized [OpenSSL 3.5.5 27 Jan 2026]
22-Jun-2026 21:03:02.187 INFO [main] org.apache.coyote.AbstractProtocol.init Initializing ProtocolHandler ["http-nio-8060"]
22-Jun-2026 21:03:02.213 INFO [main] org.apache.catalina.startup.Catalina.load Server initialization in [851] milliseconds
22-Jun-2026 21:03:02.281 INFO [main] org.apache.catalina.core.StandardService.startInternal Starting service [Catalina]
22-Jun-2026 21:03:02.281 INFO [main] org.apache.catalina.core.StandardEngine.startInternal Starting Servlet engine: [Apache Tomcat/11.0.22]
22-Jun-2026 21:03:02.316 INFO [main] org.apache.catalina.startup.HostConfig.deployDescriptor Deploying deployment descriptor [C:\Users\Admin\Documents\IdeaProjects\ServletDemo\FormWithDatabase\conf\Catalina\localhost\MVCApp.xml]
22-Jun-2026 21:03:03.916 INFO [main] org.apache.jasper.servlet.TldScanner.scanJars At least one JAR was scanned for TLDs yet contained no TLDs. Enable debug logging for this logger for a complete list of JARs that were scanned but no TLDs were found in them. Skipping unneeded JARs during scanning can improve startup time and JSP compilation time.
22-Jun-2026 21:03:04.015 INFO [main] org.apache.catalina.startup.HostConfig.deployDescriptor Deployment of deployment descriptor [C:\Users\Admin\Documents\IdeaProjects\ServletDemo\FormWithDatabase\conf\Catalina\localhost\MVCApp.xml] has finished in [1,708] ms
22-Jun-2026 21:03:04.016 INFO [main] org.apache.catalina.startup.HostConfig.deployDescriptor Deploying deployment descriptor [C:\Users\Admin\Documents\IdeaProjects\ServletDemo\FormWithDatabase\conf\Catalina\localhost\ServletLifecycle.xml]
22-Jun-2026 21:03:04.198 INFO [main] org.apache.catalina.startup.HostConfig.deployDescriptor Deployment of deployment descriptor [C:\Users\Admin\Documents\IdeaProjects\ServletDemo\FormWithDatabase\conf\Catalina\localhost\ServletLifecycle.xml] has finished in [181] ms
22-Jun-2026 21:03:04.209 INFO [main] org.apache.coyote.AbstractProtocol.start Starting ProtocolHandler ["http-nio-8060"]
22-Jun-2026 21:03:04.250 INFO [main] org.apache.catalina.startup.Catalina.start Server startup in [2035] milliseconds
22-Jun-2026 21:04:02.524 INFO [Thread-1] org.apache.coyote.AbstractProtocol.pause Pausing ProtocolHandler ["http-nio-8060"]
22-Jun-2026 21:04:02.534 INFO [Thread-1] org.apache.catalina.core.StandardService.stopInternal Stopping service [Catalina]
22-Jun-2026 21:04:02.547 INFO [Thread-1] org.apache.coyote.AbstractProtocol.stop Stopping ProtocolHandler ["http-nio-8060"]
22-Jun-2026 21:04:02.564 INFO [Thread-1] org.apache.coyote.AbstractProtocol.destroy Destroying ProtocolHandler ["http-nio-8060"]
22-Jun-2026 21:07:55.965 INFO [main] org.apache.catalina.startup.VersionLoggerListener.log Server version name:   Apache Tomcat/11.0.22
22-Jun-2026 21:07:55.971 INFO [main] org.apache.catalina.startup.VersionLoggerListener.log Server built:          May 1 2026 18:29:05 UTC
22-Jun-2026 21:07:55.971 INFO [main] org.apache.catalina.startup.VersionLoggerListener.log Server version number: 11.0.22.0
22-Jun-2026 21:07:55.971 INFO [main] org.apache.catalina.startup.VersionLoggerListener.log OS Name:               Windows 10
22-Jun-2026 21:07:55.971 INFO [main] org.apache.catalina.startup.VersionLoggerListener.log OS Version:            10.0
22-Jun-2026 21:07:55.971 INFO [main] org.apache.catalina.startup.VersionLoggerListener.log Architecture:          amd64
22-Jun-2026 21:07:55.972 INFO [main] org.apache.catalina.startup.VersionLoggerListener.log Java Home:             C:\Program Files\Java\jdk-21
22-Jun-2026 21:07:55.972 INFO [main] org.apache.catalina.startup.VersionLoggerListener.log JVM Version:           21.0.1+12-LTS-29
22-Jun-2026 21:07:55.972 INFO [main] org.apache.catalina.startup.VersionLoggerListener.log JVM Vendor:            Oracle Corporation
22-Jun-2026 21:07:55.972 INFO [main] org.apache.catalina.startup.VersionLoggerListener.log CATALINA_BASE:         C:\Users\Admin\Documents\IdeaProjects\ServletDemo\FormWithDatabase
22-Jun-2026 21:07:55.972 INFO [main] org.apache.catalina.startup.VersionLoggerListener.log CATALINA_HOME:         E:\Softwares\apache-tomcat-11.0.22
22-Jun-2026 21:07:55.986 INFO [main] org.apache.catalina.startup.VersionLoggerListener.log Command line argument: --add-opens=java.base/java.lang=ALL-UNNAMED
22-Jun-2026 21:07:55.986 INFO [main] org.apache.catalina.startup.VersionLoggerListener.log Command line argument: --add-opens=java.base/java.io=ALL-UNNAMED
22-Jun-2026 21:07:55.986 INFO [main] org.apache.catalina.startup.VersionLoggerListener.log Command line argument: --add-opens=java.base/java.util=ALL-UNNAMED
22-Jun-2026 21:07:55.986 INFO [main] org.apache.catalina.startup.VersionLoggerListener.log Command line argument: --add-opens=java.base/java.util.concurrent=ALL-UNNAMED
22-Jun-2026 21:07:55.987 INFO [main] org.apache.catalina.startup.VersionLoggerListener.log Command line argument: --add-opens=java.rmi/sun.rmi.transport=ALL-UNNAMED
22-Jun-2026 21:07:55.987 INFO [main] org.apache.catalina.startup.VersionLoggerListener.log Command line argument: -Dcatalina.home=E:\Softwares\apache-tomcat-11.0.22
22-Jun-2026 21:07:55.987 INFO [main] org.apache.catalina.startup.VersionLoggerListener.log Command line argument: -Dcatalina.base=C:\Users\Admin\Documents\IdeaProjects\ServletDemo\FormWithDatabase
22-Jun-2026 21:07:55.987 INFO [main] org.apache.catalina.startup.VersionLoggerListener.log Command line argument: -Djava.io.tmpdir=C:\Users\Admin\Documents\IdeaProjects\ServletDemo\FormWithDatabase\temp
22-Jun-2026 21:07:55.987 INFO [main] org.apache.catalina.startup.VersionLoggerListener.log Command line argument: -Djava.util.logging.config.file=C:\Users\Admin\Documents\IdeaProjects\ServletDemo\FormWithDatabase\conf\logging.properties
22-Jun-2026 21:07:55.988 INFO [main] org.apache.catalina.startup.VersionLoggerListener.log Command line argument: -Djava.util.logging.manager=org.apache.juli.ClassLoaderLogManager
22-Jun-2026 21:07:55.988 INFO [main] org.apache.catalina.startup.VersionLoggerListener.log Command line argument: -javaagent:C:\Program Files\JetBrains\IntelliJ IDEA Community Edition 2023.3.2\lib\idea_rt.jar=49633:C:\Program Files\JetBrains\IntelliJ IDEA Community Edition 2023.3.2\bin
22-Jun-2026 21:07:55.988 INFO [main] org.apache.catalina.startup.VersionLoggerListener.log Command line argument: -Dfile.encoding=UTF-8
22-Jun-2026 21:07:55.988 INFO [main] org.apache.catalina.startup.VersionLoggerListener.log Command line argument: -Dsun.stdout.encoding=UTF-8
22-Jun-2026 21:07:55.988 INFO [main] org.apache.catalina.startup.VersionLoggerListener.log Command line argument: -Dsun.stderr.encoding=UTF-8
22-Jun-2026 21:07:55.991 INFO [main] org.apache.catalina.core.AprLifecycleListener.lifecycleEvent Loaded Apache Tomcat Native library [2.0.14] using APR version [1.7.6].
22-Jun-2026 21:07:55.997 INFO [main] org.apache.catalina.core.AprLifecycleListener.initializeSSL OpenSSL successfully initialized [OpenSSL 3.5.5 27 Jan 2026]
22-Jun-2026 21:07:56.391 INFO [main] org.apache.coyote.AbstractProtocol.init Initializing ProtocolHandler ["http-nio-8060"]
22-Jun-2026 21:07:56.416 INFO [main] org.apache.catalina.startup.Catalina.load Server initialization in [691] milliseconds
22-Jun-2026 21:07:56.477 INFO [main] org.apache.catalina.core.StandardService.startInternal Starting service [Catalina]
22-Jun-2026 21:07:56.477 INFO [main] org.apache.catalina.core.StandardEngine.startInternal Starting Servlet engine: [Apache Tomcat/11.0.22]
22-Jun-2026 21:07:56.491 INFO [main] org.apache.catalina.startup.HostConfig.deployDescriptor Deploying deployment descriptor [C:\Users\Admin\Documents\IdeaProjects\ServletDemo\FormWithDatabase\conf\Catalina\localhost\MVCApp.xml]
22-Jun-2026 21:07:57.340 INFO [main] org.apache.jasper.servlet.TldScanner.scanJars At least one JAR was scanned for TLDs yet contained no TLDs. Enable debug logging for this logger for a complete list of JARs that were scanned but no TLDs were found in them. Skipping unneeded JARs during scanning can improve startup time and JSP compilation time.
22-Jun-2026 21:07:57.388 INFO [main] org.apache.catalina.startup.HostConfig.deployDescriptor Deployment of deployment descriptor [C:\Users\Admin\Documents\IdeaProjects\ServletDemo\FormWithDatabase\conf\Catalina\localhost\MVCApp.xml] has finished in [896] ms
22-Jun-2026 21:07:57.388 INFO [main] org.apache.catalina.startup.HostConfig.deployDescriptor Deploying deployment descriptor [C:\Users\Admin\Documents\IdeaProjects\ServletDemo\FormWithDatabase\conf\Catalina\localhost\ServletLifecycle.xml]
22-Jun-2026 21:07:57.439 INFO [main] org.apache.catalina.startup.HostConfig.deployDescriptor Deployment of deployment descriptor [C:\Users\Admin\Documents\IdeaProjects\ServletDemo\FormWithDatabase\conf\Catalina\localhost\ServletLifecycle.xml] has finished in [51] ms
22-Jun-2026 21:07:57.443 INFO [main] org.apache.coyote.AbstractProtocol.start Starting ProtocolHandler ["http-nio-8060"]
22-Jun-2026 21:07:57.465 INFO [main] org.apache.catalina.startup.Catalina.start Server startup in [1048] milliseconds
22-Jun-2026 21:08:16.424 INFO [Thread-1] org.apache.coyote.AbstractProtocol.pause Pausing ProtocolHandler ["http-nio-8060"]
22-Jun-2026 21:08:16.435 INFO [Thread-1] org.apache.catalina.core.StandardService.stopInternal Stopping service [Catalina]
22-Jun-2026 21:08:16.445 INFO [Thread-1] org.apache.coyote.AbstractProtocol.stop Stopping ProtocolHandler ["http-nio-8060"]
22-Jun-2026 21:08:16.449 INFO [Thread-1] org.apache.coyote.AbstractProtocol.destroy Destroying ProtocolHandler ["http-nio-8060"]
22-Jun-2026 23:08:59.915 INFO [main] org.apache.catalina.startup.VersionLoggerListener.log Server version name:   Apache Tomcat/11.0.22
22-Jun-2026 23:08:59.921 INFO [main] org.apache.catalina.startup.VersionLoggerListener.log Server built:          May 1 2026 18:29:05 UTC
22-Jun-2026 23:08:59.922 INFO [main] org.apache.catalina.startup.VersionLoggerListener.log Server version number: 11.0.22.0
22-Jun-2026 23:08:59.922 INFO [main] org.apache.catalina.startup.VersionLoggerListener.log OS Name:               Windows 10
22-Jun-2026 23:08:59.922 INFO [main] org.apache.catalina.startup.VersionLoggerListener.log OS Version:            10.0
22-Jun-2026 23:08:59.923 INFO [main] org.apache.catalina.startup.VersionLoggerListener.log Architecture:          amd64
22-Jun-2026 23:08:59.923 INFO [main] org.apache.catalina.startup.VersionLoggerListener.log Java Home:             C:\Program Files\Java\jdk-21
22-Jun-2026 23:08:59.923 INFO [main] org.apache.catalina.startup.VersionLoggerListener.log JVM Version:           21.0.1+12-LTS-29
22-Jun-2026 23:08:59.923 INFO [main] org.apache.catalina.startup.VersionLoggerListener.log JVM Vendor:            Oracle Corporation
22-Jun-2026 23:08:59.924 INFO [main] org.apache.catalina.startup.VersionLoggerListener.log CATALINA_BASE:         C:\Users\Admin\Documents\IdeaProjects\ServletDemo\FormWithDatabase
22-Jun-2026 23:08:59.924 INFO [main] org.apache.catalina.startup.VersionLoggerListener.log CATALINA_HOME:         E:\Softwares\apache-tomcat-11.0.22
22-Jun-2026 23:08:59.937 INFO [main] org.apache.catalina.startup.VersionLoggerListener.log Command line argument: --add-opens=java.base/java.lang=ALL-UNNAMED
22-Jun-2026 23:08:59.938 INFO [main] org.apache.catalina.startup.VersionLoggerListener.log Command line argument: --add-opens=java.base/java.io=ALL-UNNAMED
22-Jun-2026 23:08:59.938 INFO [main] org.apache.catalina.startup.VersionLoggerListener.log Command line argument: --add-opens=java.base/java.util=ALL-UNNAMED
22-Jun-2026 23:08:59.938 INFO [main] org.apache.catalina.startup.VersionLoggerListener.log Command line argument: --add-opens=java.base/java.util.concurrent=ALL-UNNAMED
22-Jun-2026 23:08:59.938 INFO [main] org.apache.catalina.startup.VersionLoggerListener.log Command line argument: --add-opens=java.rmi/sun.rmi.transport=ALL-UNNAMED
22-Jun-2026 23:08:59.938 INFO [main] org.apache.catalina.startup.VersionLoggerListener.log Command line argument: -Dcatalina.home=E:\Softwares\apache-tomcat-11.0.22
22-Jun-2026 23:08:59.939 INFO [main] org.apache.catalina.startup.VersionLoggerListener.log Command line argument: -Dcatalina.base=C:\Users\Admin\Documents\IdeaProjects\ServletDemo\FormWithDatabase
22-Jun-2026 23:08:59.939 INFO [main] org.apache.catalina.startup.VersionLoggerListener.log Command line argument: -Djava.io.tmpdir=C:\Users\Admin\Documents\IdeaProjects\ServletDemo\FormWithDatabase\temp
22-Jun-2026 23:08:59.939 INFO [main] org.apache.catalina.startup.VersionLoggerListener.log Command line argument: -Djava.util.logging.config.file=C:\Users\Admin\Documents\IdeaProjects\ServletDemo\FormWithDatabase\conf\logging.properties
22-Jun-2026 23:08:59.939 INFO [main] org.apache.catalina.startup.VersionLoggerListener.log Command line argument: -Djava.util.logging.manager=org.apache.juli.ClassLoaderLogManager
22-Jun-2026 23:08:59.939 INFO [main] org.apache.catalina.startup.VersionLoggerListener.log Command line argument: -javaagent:C:\Program Files\JetBrains\IntelliJ IDEA Community Edition 2023.3.2\lib\idea_rt.jar=53329:C:\Program Files\JetBrains\IntelliJ IDEA Community Edition 2023.3.2\bin
22-Jun-2026 23:08:59.940 INFO [main] org.apache.catalina.startup.VersionLoggerListener.log Command line argument: -Dfile.encoding=UTF-8
22-Jun-2026 23:08:59.940 INFO [main] org.apache.catalina.startup.VersionLoggerListener.log Command line argument: -Dsun.stdout.encoding=UTF-8
22-Jun-2026 23:08:59.940 INFO [main] org.apache.catalina.startup.VersionLoggerListener.log Command line argument: -Dsun.stderr.encoding=UTF-8
22-Jun-2026 23:08:59.944 INFO [main] org.apache.catalina.core.AprLifecycleListener.lifecycleEvent Loaded Apache Tomcat Native library [2.0.14] using APR version [1.7.6].
22-Jun-2026 23:08:59.951 INFO [main] org.apache.catalina.core.AprLifecycleListener.initializeSSL OpenSSL successfully initialized [OpenSSL 3.5.5 27 Jan 2026]
22-Jun-2026 23:09:00.432 INFO [main] org.apache.coyote.AbstractProtocol.init Initializing ProtocolHandler ["http-nio-8060"]
22-Jun-2026 23:09:00.458 INFO [main] org.apache.catalina.startup.Catalina.load Server initialization in [792] milliseconds
22-Jun-2026 23:09:00.527 INFO [main] org.apache.catalina.core.StandardService.startInternal Starting service [Catalina]
22-Jun-2026 23:09:00.528 INFO [main] org.apache.catalina.core.StandardEngine.startInternal Starting Servlet engine: [Apache Tomcat/11.0.22]
22-Jun-2026 23:09:00.545 INFO [main] org.apache.catalina.startup.HostConfig.deployDescriptor Deploying deployment descriptor [C:\Users\Admin\Documents\IdeaProjects\ServletDemo\FormWithDatabase\conf\Catalina\localhost\MVCApp.xml]
22-Jun-2026 23:09:01.427 SEVERE [main] org.apache.catalina.startup.HostConfig.deployDescriptor Error deploying deployment descriptor [C:\Users\Admin\Documents\IdeaProjects\ServletDemo\FormWithDatabase\conf\Catalina\localhost\MVCApp.xml]
	java.lang.IllegalStateException: Error starting child
		at org.apache.catalina.core.ContainerBase.addChild(ContainerBase.java:567)
		at org.apache.catalina.core.StandardHost.addChild(StandardHost.java:663)
		at org.apache.catalina.startup.HostConfig.deployDescriptor(HostConfig.java:590)
		at org.apache.catalina.startup.HostConfig$DeployDescriptor.run(HostConfig.java:1828)
		at java.base/java.util.concurrent.Executors$RunnableAdapter.call(Executors.java:572)
		at java.base/java.util.concurrent.FutureTask.run(FutureTask.java:317)
		at org.apache.tomcat.util.threads.InlineExecutorService.execute(InlineExecutorService.java:81)
		at java.base/java.util.concurrent.AbstractExecutorService.submit(AbstractExecutorService.java:123)
		at org.apache.catalina.startup.HostConfig.deployDescriptors(HostConfig.java:485)
		at org.apache.catalina.startup.HostConfig.deployApps(HostConfig.java:376)
		at org.apache.catalina.startup.HostConfig.start(HostConfig.java:1579)
		at org.apache.catalina.startup.HostConfig.lifecycleEvent(HostConfig.java:262)
		at org.apache.catalina.util.LifecycleBase.fireLifecycleEvent(LifecycleBase.java:109)
		at org.apache.catalina.util.LifecycleBase.setStateInternal(LifecycleBase.java:389)
		at org.apache.catalina.util.LifecycleBase.setState(LifecycleBase.java:336)
		at org.apache.catalina.core.ContainerBase.startInternal(ContainerBase.java:741)
		at org.apache.catalina.core.StandardHost.startInternal(StandardHost.java:780)
		at org.apache.catalina.util.LifecycleBase.start(LifecycleBase.java:164)
		at org.apache.catalina.core.ContainerBase$StartChild.call(ContainerBase.java:1162)
		at org.apache.catalina.core.ContainerBase$StartChild.call(ContainerBase.java:1158)
		at java.base/java.util.concurrent.FutureTask.run(FutureTask.java:317)
		at org.apache.tomcat.util.threads.InlineExecutorService.execute(InlineExecutorService.java:81)
		at java.base/java.util.concurrent.AbstractExecutorService.submit(AbstractExecutorService.java:145)
		at org.apache.catalina.core.ContainerBase.startInternal(ContainerBase.java:714)
		at org.apache.catalina.core.StandardEngine.startInternal(StandardEngine.java:201)
		at org.apache.catalina.util.LifecycleBase.start(LifecycleBase.java:164)
		at org.apache.catalina.core.StandardService.startInternal(StandardService.java:410)
		at org.apache.catalina.util.LifecycleBase.start(LifecycleBase.java:164)
		at org.apache.catalina.core.StandardServer.startInternal(StandardServer.java:864)
		at org.apache.catalina.util.LifecycleBase.start(LifecycleBase.java:164)
		at org.apache.catalina.startup.Catalina.start(Catalina.java:756)
		at java.base/jdk.internal.reflect.DirectMethodHandleAccessor.invoke(DirectMethodHandleAccessor.java:103)
		at java.base/java.lang.reflect.Method.invoke(Method.java:580)
		at org.apache.catalina.startup.Bootstrap.start(Bootstrap.java:339)
		at org.apache.catalina.startup.Bootstrap.main(Bootstrap.java:470)
	Caused by: org.apache.catalina.LifecycleException: Failed to start component [StandardEngine[Catalina].StandardHost[localhost].StandardContext[/MVCApp]]
		at org.apache.catalina.util.LifecycleBase.handleSubClassException(LifecycleBase.java:404)
		at org.apache.catalina.util.LifecycleBase.start(LifecycleBase.java:179)
		at org.apache.catalina.core.ContainerBase.addChild(ContainerBase.java:564)
		... 34 more
	Caused by: java.lang.IllegalArgumentException: Invalid <url-pattern> [RegisterServlet] in servlet mapping
		at org.apache.catalina.core.StandardContext.addServletMappingDecoded(StandardContext.java:2865)
		at org.apache.catalina.Context.addServletMappingDecoded(Context.java:886)
		at org.apache.catalina.startup.ContextConfig.configureContext(ContextConfig.java:1506)
		at org.apache.catalina.startup.ContextConfig.webConfig(ContextConfig.java:1293)
		at org.apache.catalina.startup.ContextConfig.configureStart(ContextConfig.java:968)
		at org.apache.catalina.startup.ContextConfig.lifecycleEvent(ContextConfig.java:288)
		at org.apache.catalina.util.LifecycleBase.fireLifecycleEvent(LifecycleBase.java:109)
		at org.apache.catalina.core.StandardContext.startInternal(StandardContext.java:4338)
		at org.apache.catalina.util.LifecycleBase.start(LifecycleBase.java:164)
		... 35 more
22-Jun-2026 23:09:01.433 INFO [main] org.apache.catalina.startup.HostConfig.deployDescriptor Deployment of deployment descriptor [C:\Users\Admin\Documents\IdeaProjects\ServletDemo\FormWithDatabase\conf\Catalina\localhost\MVCApp.xml] has finished in [887] ms
22-Jun-2026 23:09:01.433 INFO [main] org.apache.catalina.startup.HostConfig.deployDescriptor Deploying deployment descriptor [C:\Users\Admin\Documents\IdeaProjects\ServletDemo\FormWithDatabase\conf\Catalina\localhost\ServletLifecycle.xml]
22-Jun-2026 23:09:01.615 INFO [main] org.apache.catalina.startup.HostConfig.deployDescriptor Deployment of deployment descriptor [C:\Users\Admin\Documents\IdeaProjects\ServletDemo\FormWithDatabase\conf\Catalina\localhost\ServletLifecycle.xml] has finished in [182] ms
22-Jun-2026 23:09:01.622 INFO [main] org.apache.coyote.AbstractProtocol.start Starting ProtocolHandler ["http-nio-8060"]
22-Jun-2026 23:09:01.656 INFO [main] org.apache.catalina.startup.Catalina.start Server startup in [1196] milliseconds
22-Jun-2026 23:10:24.135 INFO [Thread-1] org.apache.coyote.AbstractProtocol.pause Pausing ProtocolHandler ["http-nio-8060"]
22-Jun-2026 23:10:24.145 INFO [Thread-1] org.apache.catalina.core.StandardService.stopInternal Stopping service [Catalina]
22-Jun-2026 23:10:24.155 INFO [Thread-1] org.apache.coyote.AbstractProtocol.stop Stopping ProtocolHandler ["http-nio-8060"]
22-Jun-2026 23:10:24.158 INFO [Thread-1] org.apache.coyote.AbstractProtocol.destroy Destroying ProtocolHandler ["http-nio-8060"]
22-Jun-2026 23:12:38.185 INFO [main] org.apache.catalina.startup.VersionLoggerListener.log Server version name:   Apache Tomcat/11.0.22
22-Jun-2026 23:12:38.190 INFO [main] org.apache.catalina.startup.VersionLoggerListener.log Server built:          May 1 2026 18:29:05 UTC
22-Jun-2026 23:12:38.191 INFO [main] org.apache.catalina.startup.VersionLoggerListener.log Server version number: 11.0.22.0
22-Jun-2026 23:12:38.191 INFO [main] org.apache.catalina.startup.VersionLoggerListener.log OS Name:               Windows 10
22-Jun-2026 23:12:38.192 INFO [main] org.apache.catalina.startup.VersionLoggerListener.log OS Version:            10.0
22-Jun-2026 23:12:38.192 INFO [main] org.apache.catalina.startup.VersionLoggerListener.log Architecture:          amd64
22-Jun-2026 23:12:38.193 INFO [main] org.apache.catalina.startup.VersionLoggerListener.log Java Home:             C:\Program Files\Java\jdk-21
22-Jun-2026 23:12:38.193 INFO [main] org.apache.catalina.startup.VersionLoggerListener.log JVM Version:           21.0.1+12-LTS-29
22-Jun-2026 23:12:38.193 INFO [main] org.apache.catalina.startup.VersionLoggerListener.log JVM Vendor:            Oracle Corporation
22-Jun-2026 23:12:38.194 INFO [main] org.apache.catalina.startup.VersionLoggerListener.log CATALINA_BASE:         C:\Users\Admin\Documents\IdeaProjects\ServletDemo\FormWithDatabase
22-Jun-2026 23:12:38.194 INFO [main] org.apache.catalina.startup.VersionLoggerListener.log CATALINA_HOME:         E:\Softwares\apache-tomcat-11.0.22
22-Jun-2026 23:12:38.204 INFO [main] org.apache.catalina.startup.VersionLoggerListener.log Command line argument: --add-opens=java.base/java.lang=ALL-UNNAMED
22-Jun-2026 23:12:38.204 INFO [main] org.apache.catalina.startup.VersionLoggerListener.log Command line argument: --add-opens=java.base/java.io=ALL-UNNAMED
22-Jun-2026 23:12:38.204 INFO [main] org.apache.catalina.startup.VersionLoggerListener.log Command line argument: --add-opens=java.base/java.util=ALL-UNNAMED
22-Jun-2026 23:12:38.205 INFO [main] org.apache.catalina.startup.VersionLoggerListener.log Command line argument: --add-opens=java.base/java.util.concurrent=ALL-UNNAMED
22-Jun-2026 23:12:38.205 INFO [main] org.apache.catalina.startup.VersionLoggerListener.log Command line argument: --add-opens=java.rmi/sun.rmi.transport=ALL-UNNAMED
22-Jun-2026 23:12:38.205 INFO [main] org.apache.catalina.startup.VersionLoggerListener.log Command line argument: -Dcatalina.home=E:\Softwares\apache-tomcat-11.0.22
22-Jun-2026 23:12:38.205 INFO [main] org.apache.catalina.startup.VersionLoggerListener.log Command line argument: -Dcatalina.base=C:\Users\Admin\Documents\IdeaProjects\ServletDemo\FormWithDatabase
22-Jun-2026 23:12:38.205 INFO [main] org.apache.catalina.startup.VersionLoggerListener.log Command line argument: -Djava.io.tmpdir=C:\Users\Admin\Documents\IdeaProjects\ServletDemo\FormWithDatabase\temp
22-Jun-2026 23:12:38.205 INFO [main] org.apache.catalina.startup.VersionLoggerListener.log Command line argument: -Djava.util.logging.config.file=C:\Users\Admin\Documents\IdeaProjects\ServletDemo\FormWithDatabase\conf\logging.properties
22-Jun-2026 23:12:38.205 INFO [main] org.apache.catalina.startup.VersionLoggerListener.log Command line argument: -Djava.util.logging.manager=org.apache.juli.ClassLoaderLogManager
22-Jun-2026 23:12:38.205 INFO [main] org.apache.catalina.startup.VersionLoggerListener.log Command line argument: -javaagent:C:\Program Files\JetBrains\IntelliJ IDEA Community Edition 2023.3.2\lib\idea_rt.jar=55216:C:\Program Files\JetBrains\IntelliJ IDEA Community Edition 2023.3.2\bin
22-Jun-2026 23:12:38.206 INFO [main] org.apache.catalina.startup.VersionLoggerListener.log Command line argument: -Dfile.encoding=UTF-8
22-Jun-2026 23:12:38.206 INFO [main] org.apache.catalina.startup.VersionLoggerListener.log Command line argument: -Dsun.stdout.encoding=UTF-8
22-Jun-2026 23:12:38.206 INFO [main] org.apache.catalina.startup.VersionLoggerListener.log Command line argument: -Dsun.stderr.encoding=UTF-8
22-Jun-2026 23:12:38.208 INFO [main] org.apache.catalina.core.AprLifecycleListener.lifecycleEvent Loaded Apache Tomcat Native library [2.0.14] using APR version [1.7.6].
22-Jun-2026 23:12:38.213 INFO [main] org.apache.catalina.core.AprLifecycleListener.initializeSSL OpenSSL successfully initialized [OpenSSL 3.5.5 27 Jan 2026]
22-Jun-2026 23:12:38.740 INFO [main] org.apache.coyote.AbstractProtocol.init Initializing ProtocolHandler ["http-nio-8060"]
22-Jun-2026 23:12:38.777 INFO [main] org.apache.catalina.startup.Catalina.load Server initialization in [866] milliseconds
22-Jun-2026 23:12:38.871 INFO [main] org.apache.catalina.core.StandardService.startInternal Starting service [Catalina]
22-Jun-2026 23:12:38.871 INFO [main] org.apache.catalina.core.StandardEngine.startInternal Starting Servlet engine: [Apache Tomcat/11.0.22]
22-Jun-2026 23:12:38.892 INFO [main] org.apache.catalina.startup.HostConfig.deployDescriptor Deploying deployment descriptor [C:\Users\Admin\Documents\IdeaProjects\ServletDemo\FormWithDatabase\conf\Catalina\localhost\MVCApp.xml]
22-Jun-2026 23:12:40.083 SEVERE [main] org.apache.catalina.startup.HostConfig.deployDescriptor Error deploying deployment descriptor [C:\Users\Admin\Documents\IdeaProjects\ServletDemo\FormWithDatabase\conf\Catalina\localhost\MVCApp.xml]
	java.lang.IllegalStateException: Error starting child
		at org.apache.catalina.core.ContainerBase.addChild(ContainerBase.java:567)
		at org.apache.catalina.core.StandardHost.addChild(StandardHost.java:663)
		at org.apache.catalina.startup.HostConfig.deployDescriptor(HostConfig.java:590)
		at org.apache.catalina.startup.HostConfig$DeployDescriptor.run(HostConfig.java:1828)
		at java.base/java.util.concurrent.Executors$RunnableAdapter.call(Executors.java:572)
		at java.base/java.util.concurrent.FutureTask.run(FutureTask.java:317)
		at org.apache.tomcat.util.threads.InlineExecutorService.execute(InlineExecutorService.java:81)
		at java.base/java.util.concurrent.AbstractExecutorService.submit(AbstractExecutorService.java:123)
		at org.apache.catalina.startup.HostConfig.deployDescriptors(HostConfig.java:485)
		at org.apache.catalina.startup.HostConfig.deployApps(HostConfig.java:376)
		at org.apache.catalina.startup.HostConfig.start(HostConfig.java:1579)
		at org.apache.catalina.startup.HostConfig.lifecycleEvent(HostConfig.java:262)
		at org.apache.catalina.util.LifecycleBase.fireLifecycleEvent(LifecycleBase.java:109)
		at org.apache.catalina.util.LifecycleBase.setStateInternal(LifecycleBase.java:389)
		at org.apache.catalina.util.LifecycleBase.setState(LifecycleBase.java:336)
		at org.apache.catalina.core.ContainerBase.startInternal(ContainerBase.java:741)
		at org.apache.catalina.core.StandardHost.startInternal(StandardHost.java:780)
		at org.apache.catalina.util.LifecycleBase.start(LifecycleBase.java:164)
		at org.apache.catalina.core.ContainerBase$StartChild.call(ContainerBase.java:1162)
		at org.apache.catalina.core.ContainerBase$StartChild.call(ContainerBase.java:1158)
		at java.base/java.util.concurrent.FutureTask.run(FutureTask.java:317)
		at org.apache.tomcat.util.threads.InlineExecutorService.execute(InlineExecutorService.java:81)
		at java.base/java.util.concurrent.AbstractExecutorService.submit(AbstractExecutorService.java:145)
		at org.apache.catalina.core.ContainerBase.startInternal(ContainerBase.java:714)
		at org.apache.catalina.core.StandardEngine.startInternal(StandardEngine.java:201)
		at org.apache.catalina.util.LifecycleBase.start(LifecycleBase.java:164)
		at org.apache.catalina.core.StandardService.startInternal(StandardService.java:410)
		at org.apache.catalina.util.LifecycleBase.start(LifecycleBase.java:164)
		at org.apache.catalina.core.StandardServer.startInternal(StandardServer.java:864)
		at org.apache.catalina.util.LifecycleBase.start(LifecycleBase.java:164)
		at org.apache.catalina.startup.Catalina.start(Catalina.java:756)
		at java.base/jdk.internal.reflect.DirectMethodHandleAccessor.invoke(DirectMethodHandleAccessor.java:103)
		at java.base/java.lang.reflect.Method.invoke(Method.java:580)
		at org.apache.catalina.startup.Bootstrap.start(Bootstrap.java:339)
		at org.apache.catalina.startup.Bootstrap.main(Bootstrap.java:470)
	Caused by: org.apache.catalina.LifecycleException: Failed to start component [StandardEngine[Catalina].StandardHost[localhost].StandardContext[/MVCApp]]
		at org.apache.catalina.util.LifecycleBase.handleSubClassException(LifecycleBase.java:404)
		at org.apache.catalina.util.LifecycleBase.start(LifecycleBase.java:179)
		at org.apache.catalina.core.ContainerBase.addChild(ContainerBase.java:564)
		... 34 more
	Caused by: java.lang.IllegalArgumentException: Invalid <url-pattern> [RegisterServlet] in servlet mapping
		at org.apache.catalina.core.StandardContext.addServletMappingDecoded(StandardContext.java:2865)
		at org.apache.catalina.Context.addServletMappingDecoded(Context.java:886)
		at org.apache.catalina.startup.ContextConfig.configureContext(ContextConfig.java:1506)
		at org.apache.catalina.startup.ContextConfig.webConfig(ContextConfig.java:1293)
		at org.apache.catalina.startup.ContextConfig.configureStart(ContextConfig.java:968)
		at org.apache.catalina.startup.ContextConfig.lifecycleEvent(ContextConfig.java:288)
		at org.apache.catalina.util.LifecycleBase.fireLifecycleEvent(LifecycleBase.java:109)
		at org.apache.catalina.core.StandardContext.startInternal(StandardContext.java:4338)
		at org.apache.catalina.util.LifecycleBase.start(LifecycleBase.java:164)
		... 35 more
22-Jun-2026 23:12:40.092 INFO [main] org.apache.catalina.startup.HostConfig.deployDescriptor Deployment of deployment descriptor [C:\Users\Admin\Documents\IdeaProjects\ServletDemo\FormWithDatabase\conf\Catalina\localhost\MVCApp.xml] has finished in [1,200] ms
22-Jun-2026 23:12:40.093 INFO [main] org.apache.catalina.startup.HostConfig.deployDescriptor Deploying deployment descriptor [C:\Users\Admin\Documents\IdeaProjects\ServletDemo\FormWithDatabase\conf\Catalina\localhost\ServletLifecycle.xml]
22-Jun-2026 23:12:40.268 INFO [main] org.apache.catalina.startup.HostConfig.deployDescriptor Deployment of deployment descriptor [C:\Users\Admin\Documents\IdeaProjects\ServletDemo\FormWithDatabase\conf\Catalina\localhost\ServletLifecycle.xml] has finished in [175] ms
22-Jun-2026 23:12:40.272 INFO [main] org.apache.coyote.AbstractProtocol.start Starting ProtocolHandler ["http-nio-8060"]
22-Jun-2026 23:12:40.300 INFO [main] org.apache.catalina.startup.Catalina.start Server startup in [1520] milliseconds
22-Jun-2026 23:13:21.888 INFO [Thread-1] org.apache.coyote.AbstractProtocol.pause Pausing ProtocolHandler ["http-nio-8060"]
22-Jun-2026 23:13:21.897 INFO [Thread-1] org.apache.catalina.core.StandardService.stopInternal Stopping service [Catalina]
22-Jun-2026 23:13:21.905 INFO [Thread-1] org.apache.coyote.AbstractProtocol.stop Stopping ProtocolHandler ["http-nio-8060"]
22-Jun-2026 23:13:21.909 INFO [Thread-1] org.apache.coyote.AbstractProtocol.destroy Destroying ProtocolHandler ["http-nio-8060"]
22-Jun-2026 23:13:28.427 INFO [main] org.apache.catalina.startup.VersionLoggerListener.log Server version name:   Apache Tomcat/11.0.22
22-Jun-2026 23:13:28.434 INFO [main] org.apache.catalina.startup.VersionLoggerListener.log Server built:          May 1 2026 18:29:05 UTC
22-Jun-2026 23:13:28.435 INFO [main] org.apache.catalina.startup.VersionLoggerListener.log Server version number: 11.0.22.0
22-Jun-2026 23:13:28.436 INFO [main] org.apache.catalina.startup.VersionLoggerListener.log OS Name:               Windows 10
22-Jun-2026 23:13:28.439 INFO [main] org.apache.catalina.startup.VersionLoggerListener.log OS Version:            10.0
22-Jun-2026 23:13:28.440 INFO [main] org.apache.catalina.startup.VersionLoggerListener.log Architecture:          amd64
22-Jun-2026 23:13:28.440 INFO [main] org.apache.catalina.startup.VersionLoggerListener.log Java Home:             C:\Program Files\Java\jdk-21
22-Jun-2026 23:13:28.441 INFO [main] org.apache.catalina.startup.VersionLoggerListener.log JVM Version:           21.0.1+12-LTS-29
22-Jun-2026 23:13:28.441 INFO [main] org.apache.catalina.startup.VersionLoggerListener.log JVM Vendor:            Oracle Corporation
22-Jun-2026 23:13:28.442 INFO [main] org.apache.catalina.startup.VersionLoggerListener.log CATALINA_BASE:         C:\Users\Admin\Documents\IdeaProjects\ServletDemo\FormWithDatabase
22-Jun-2026 23:13:28.442 INFO [main] org.apache.catalina.startup.VersionLoggerListener.log CATALINA_HOME:         E:\Softwares\apache-tomcat-11.0.22
22-Jun-2026 23:13:28.455 INFO [main] org.apache.catalina.startup.VersionLoggerListener.log Command line argument: --add-opens=java.base/java.lang=ALL-UNNAMED
22-Jun-2026 23:13:28.455 INFO [main] org.apache.catalina.startup.VersionLoggerListener.log Command line argument: --add-opens=java.base/java.io=ALL-UNNAMED
22-Jun-2026 23:13:28.456 INFO [main] org.apache.catalina.startup.VersionLoggerListener.log Command line argument: --add-opens=java.base/java.util=ALL-UNNAMED
22-Jun-2026 23:13:28.456 INFO [main] org.apache.catalina.startup.VersionLoggerListener.log Command line argument: --add-opens=java.base/java.util.concurrent=ALL-UNNAMED
22-Jun-2026 23:13:28.456 INFO [main] org.apache.catalina.startup.VersionLoggerListener.log Command line argument: --add-opens=java.rmi/sun.rmi.transport=ALL-UNNAMED
22-Jun-2026 23:13:28.456 INFO [main] org.apache.catalina.startup.VersionLoggerListener.log Command line argument: -Dcatalina.home=E:\Softwares\apache-tomcat-11.0.22
22-Jun-2026 23:13:28.456 INFO [main] org.apache.catalina.startup.VersionLoggerListener.log Command line argument: -Dcatalina.base=C:\Users\Admin\Documents\IdeaProjects\ServletDemo\FormWithDatabase
22-Jun-2026 23:13:28.456 INFO [main] org.apache.catalina.startup.VersionLoggerListener.log Command line argument: -Djava.io.tmpdir=C:\Users\Admin\Documents\IdeaProjects\ServletDemo\FormWithDatabase\temp
22-Jun-2026 23:13:28.457 INFO [main] org.apache.catalina.startup.VersionLoggerListener.log Command line argument: -Djava.util.logging.config.file=C:\Users\Admin\Documents\IdeaProjects\ServletDemo\FormWithDatabase\conf\logging.properties
22-Jun-2026 23:13:28.457 INFO [main] org.apache.catalina.startup.VersionLoggerListener.log Command line argument: -Djava.util.logging.manager=org.apache.juli.ClassLoaderLogManager
22-Jun-2026 23:13:28.458 INFO [main] org.apache.catalina.startup.VersionLoggerListener.log Command line argument: -javaagent:C:\Program Files\JetBrains\IntelliJ IDEA Community Edition 2023.3.2\lib\idea_rt.jar=55667:C:\Program Files\JetBrains\IntelliJ IDEA Community Edition 2023.3.2\bin
22-Jun-2026 23:13:28.458 INFO [main] org.apache.catalina.startup.VersionLoggerListener.log Command line argument: -Dfile.encoding=UTF-8
22-Jun-2026 23:13:28.458 INFO [main] org.apache.catalina.startup.VersionLoggerListener.log Command line argument: -Dsun.stdout.encoding=UTF-8
22-Jun-2026 23:13:28.459 INFO [main] org.apache.catalina.startup.VersionLoggerListener.log Command line argument: -Dsun.stderr.encoding=UTF-8
22-Jun-2026 23:13:28.462 INFO [main] org.apache.catalina.core.AprLifecycleListener.lifecycleEvent Loaded Apache Tomcat Native library [2.0.14] using APR version [1.7.6].
22-Jun-2026 23:13:28.470 INFO [main] org.apache.catalina.core.AprLifecycleListener.initializeSSL OpenSSL successfully initialized [OpenSSL 3.5.5 27 Jan 2026]
22-Jun-2026 23:13:28.873 INFO [main] org.apache.coyote.AbstractProtocol.init Initializing ProtocolHandler ["http-nio-8060"]
22-Jun-2026 23:13:28.896 INFO [main] org.apache.catalina.startup.Catalina.load Server initialization in [727] milliseconds
22-Jun-2026 23:13:28.956 INFO [main] org.apache.catalina.core.StandardService.startInternal Starting service [Catalina]
22-Jun-2026 23:13:28.956 INFO [main] org.apache.catalina.core.StandardEngine.startInternal Starting Servlet engine: [Apache Tomcat/11.0.22]
22-Jun-2026 23:13:28.972 INFO [main] org.apache.catalina.startup.HostConfig.deployDescriptor Deploying deployment descriptor [C:\Users\Admin\Documents\IdeaProjects\ServletDemo\FormWithDatabase\conf\Catalina\localhost\MVCApp.xml]
22-Jun-2026 23:13:29.973 SEVERE [main] org.apache.catalina.startup.HostConfig.deployDescriptor Error deploying deployment descriptor [C:\Users\Admin\Documents\IdeaProjects\ServletDemo\FormWithDatabase\conf\Catalina\localhost\MVCApp.xml]
	java.lang.IllegalStateException: Error starting child
		at org.apache.catalina.core.ContainerBase.addChild(ContainerBase.java:567)
		at org.apache.catalina.core.StandardHost.addChild(StandardHost.java:663)
		at org.apache.catalina.startup.HostConfig.deployDescriptor(HostConfig.java:590)
		at org.apache.catalina.startup.HostConfig$DeployDescriptor.run(HostConfig.java:1828)
		at java.base/java.util.concurrent.Executors$RunnableAdapter.call(Executors.java:572)
		at java.base/java.util.concurrent.FutureTask.run(FutureTask.java:317)
		at org.apache.tomcat.util.threads.InlineExecutorService.execute(InlineExecutorService.java:81)
		at java.base/java.util.concurrent.AbstractExecutorService.submit(AbstractExecutorService.java:123)
		at org.apache.catalina.startup.HostConfig.deployDescriptors(HostConfig.java:485)
		at org.apache.catalina.startup.HostConfig.deployApps(HostConfig.java:376)
		at org.apache.catalina.startup.HostConfig.start(HostConfig.java:1579)
		at org.apache.catalina.startup.HostConfig.lifecycleEvent(HostConfig.java:262)
		at org.apache.catalina.util.LifecycleBase.fireLifecycleEvent(LifecycleBase.java:109)
		at org.apache.catalina.util.LifecycleBase.setStateInternal(LifecycleBase.java:389)
		at org.apache.catalina.util.LifecycleBase.setState(LifecycleBase.java:336)
		at org.apache.catalina.core.ContainerBase.startInternal(ContainerBase.java:741)
		at org.apache.catalina.core.StandardHost.startInternal(StandardHost.java:780)
		at org.apache.catalina.util.LifecycleBase.start(LifecycleBase.java:164)
		at org.apache.catalina.core.ContainerBase$StartChild.call(ContainerBase.java:1162)
		at org.apache.catalina.core.ContainerBase$StartChild.call(ContainerBase.java:1158)
		at java.base/java.util.concurrent.FutureTask.run(FutureTask.java:317)
		at org.apache.tomcat.util.threads.InlineExecutorService.execute(InlineExecutorService.java:81)
		at java.base/java.util.concurrent.AbstractExecutorService.submit(AbstractExecutorService.java:145)
		at org.apache.catalina.core.ContainerBase.startInternal(ContainerBase.java:714)
		at org.apache.catalina.core.StandardEngine.startInternal(StandardEngine.java:201)
		at org.apache.catalina.util.LifecycleBase.start(LifecycleBase.java:164)
		at org.apache.catalina.core.StandardService.startInternal(StandardService.java:410)
		at org.apache.catalina.util.LifecycleBase.start(LifecycleBase.java:164)
		at org.apache.catalina.core.StandardServer.startInternal(StandardServer.java:864)
		at org.apache.catalina.util.LifecycleBase.start(LifecycleBase.java:164)
		at org.apache.catalina.startup.Catalina.start(Catalina.java:756)
		at java.base/jdk.internal.reflect.DirectMethodHandleAccessor.invoke(DirectMethodHandleAccessor.java:103)
		at java.base/java.lang.reflect.Method.invoke(Method.java:580)
		at org.apache.catalina.startup.Bootstrap.start(Bootstrap.java:339)
		at org.apache.catalina.startup.Bootstrap.main(Bootstrap.java:470)
	Caused by: org.apache.catalina.LifecycleException: Failed to start component [StandardEngine[Catalina].StandardHost[localhost].StandardContext[/MVCApp]]
		at org.apache.catalina.util.LifecycleBase.handleSubClassException(LifecycleBase.java:404)
		at org.apache.catalina.util.LifecycleBase.start(LifecycleBase.java:179)
		at org.apache.catalina.core.ContainerBase.addChild(ContainerBase.java:564)
		... 34 more
	Caused by: java.lang.IllegalArgumentException: Invalid <url-pattern> [RegisterServlet] in servlet mapping
		at org.apache.catalina.core.StandardContext.addServletMappingDecoded(StandardContext.java:2865)
		at org.apache.catalina.Context.addServletMappingDecoded(Context.java:886)
		at org.apache.catalina.startup.ContextConfig.configureContext(ContextConfig.java:1506)
		at org.apache.catalina.startup.ContextConfig.webConfig(ContextConfig.java:1293)
		at org.apache.catalina.startup.ContextConfig.configureStart(ContextConfig.java:968)
		at org.apache.catalina.startup.ContextConfig.lifecycleEvent(ContextConfig.java:288)
		at org.apache.catalina.util.LifecycleBase.fireLifecycleEvent(LifecycleBase.java:109)
		at org.apache.catalina.core.StandardContext.startInternal(StandardContext.java:4338)
		at org.apache.catalina.util.LifecycleBase.start(LifecycleBase.java:164)
		... 35 more
22-Jun-2026 23:13:29.978 INFO [main] org.apache.catalina.startup.HostConfig.deployDescriptor Deployment of deployment descriptor [C:\Users\Admin\Documents\IdeaProjects\ServletDemo\FormWithDatabase\conf\Catalina\localhost\MVCApp.xml] has finished in [1,007] ms
22-Jun-2026 23:13:29.979 INFO [main] org.apache.catalina.startup.HostConfig.deployDescriptor Deploying deployment descriptor [C:\Users\Admin\Documents\IdeaProjects\ServletDemo\FormWithDatabase\conf\Catalina\localhost\ServletLifecycle.xml]
22-Jun-2026 23:13:30.156 INFO [main] org.apache.catalina.startup.HostConfig.deployDescriptor Deployment of deployment descriptor [C:\Users\Admin\Documents\IdeaProjects\ServletDemo\FormWithDatabase\conf\Catalina\localhost\ServletLifecycle.xml] has finished in [177] ms
22-Jun-2026 23:13:30.164 INFO [main] org.apache.coyote.AbstractProtocol.start Starting ProtocolHandler ["http-nio-8060"]
22-Jun-2026 23:13:30.196 INFO [main] org.apache.catalina.startup.Catalina.start Server startup in [1298] milliseconds
22-Jun-2026 23:13:49.698 INFO [Thread-1] org.apache.coyote.AbstractProtocol.pause Pausing ProtocolHandler ["http-nio-8060"]
22-Jun-2026 23:13:49.709 INFO [Thread-1] org.apache.catalina.core.StandardService.stopInternal Stopping service [Catalina]
22-Jun-2026 23:13:49.717 INFO [Thread-1] org.apache.coyote.AbstractProtocol.stop Stopping ProtocolHandler ["http-nio-8060"]
22-Jun-2026 23:13:49.722 INFO [Thread-1] org.apache.coyote.AbstractProtocol.destroy Destroying ProtocolHandler ["http-nio-8060"]
