22-Jun-2026 20:59:25.490 INFO [main] org.apache.catalina.core.ApplicationContext.log Marking servlet [LifecycleServlet] as unavailable
22-Jun-2026 20:59:25.490 SEVERE [main] org.apache.catalina.core.StandardContext.loadOnStartup Servlet [LifecycleServlet] in web application [/ServletLifecycle] threw load() exception
	java.lang.NoSuchMethodException: LifecycleServlet.<init>()
		at java.base/java.lang.Class.getConstructor0(Class.java:3761)
		at java.base/java.lang.Class.getConstructor(Class.java:2442)
		at org.apache.catalina.core.DefaultInstanceManager.newInstance(DefaultInstanceManager.java:140)
		at org.apache.catalina.core.StandardWrapper.loadServlet(StandardWrapper.java:753)
		at org.apache.catalina.core.StandardWrapper.load(StandardWrapper.java:693)
		at org.apache.catalina.core.StandardContext.loadOnStartup(StandardContext.java:4181)
		at org.apache.catalina.core.StandardContext.startInternal(StandardContext.java:4464)
		at org.apache.catalina.util.LifecycleBase.start(LifecycleBase.java:164)
		at org.apache.catalina.core.ContainerBase.addChild(ContainerBase.java:564)
		at org.apache.catalina.core.StandardHost.addChild(StandardHost.java:663)
		at org.apache.catalina.startup.HostConfig.deployDescriptor(HostConfig.java:590)
		at org.apache.catalina.startup.HostConfig$DeployDescriptor.run(HostConfig.java:1828)
		at java.base/java.util.concurrent.Executors$RunnableAdapter.call(Executors.java:572)
		at java.base/java.util.concurrent.FutureTask.run(FutureTask.java:317)
		at org.apache.tomcat.util.threads.InlineExecutorService.execute(InlineExecutorService.java:81)
		at java.base/java.util.concurrent.AbstractExecutorService.submit(AbstractExecutorService.java:123)
		at org.apache.catalina.startup.HostConfig.deployDescriptors(HostConfig.java:485)
		at org.apache.catalina.startup.HostConfig.deployApps(HostConfig.java:376)
		at org.apache.catalina.startup.HostConfig.start(HostConfig.java:1579)
		at org.apache.catalina.startup.HostConfig.lifecycleEvent(HostConfig.java:262)
		at org.apache.catalina.util.LifecycleBase.fireLifecycleEvent(LifecycleBase.java:109)
		at org.apache.catalina.util.LifecycleBase.setStateInternal(LifecycleBase.java:389)
		at org.apache.catalina.util.LifecycleBase.setState(LifecycleBase.java:336)
		at org.apache.catalina.core.ContainerBase.startInternal(ContainerBase.java:741)
		at org.apache.catalina.core.StandardHost.startInternal(StandardHost.java:780)
		at org.apache.catalina.util.LifecycleBase.start(LifecycleBase.java:164)
		at org.apache.catalina.core.ContainerBase$StartChild.call(ContainerBase.java:1162)
		at org.apache.catalina.core.ContainerBase$StartChild.call(ContainerBase.java:1158)
		at java.base/java.util.concurrent.FutureTask.run(FutureTask.java:317)
		at org.apache.tomcat.util.threads.InlineExecutorService.execute(InlineExecutorService.java:81)
		at java.base/java.util.concurrent.AbstractExecutorService.submit(AbstractExecutorService.java:145)
		at org.apache.catalina.core.ContainerBase.startInternal(ContainerBase.java:714)
		at org.apache.catalina.core.StandardEngine.startInternal(StandardEngine.java:201)
		at org.apache.catalina.util.LifecycleBase.start(LifecycleBase.java:164)
		at org.apache.catalina.core.StandardService.startInternal(StandardService.java:410)
		at org.apache.catalina.util.LifecycleBase.start(LifecycleBase.java:164)
		at org.apache.catalina.core.StandardServer.startInternal(StandardServer.java:864)
		at org.apache.catalina.util.LifecycleBase.start(LifecycleBase.java:164)
		at org.apache.catalina.startup.Catalina.start(Catalina.java:756)
		at java.base/jdk.internal.reflect.DirectMethodHandleAccessor.invoke(DirectMethodHandleAccessor.java:103)
		at java.base/java.lang.reflect.Method.invoke(Method.java:580)
		at org.apache.catalina.startup.Bootstrap.start(Bootstrap.java:339)
		at org.apache.catalina.startup.Bootstrap.main(Bootstrap.java:470)
22-Jun-2026 21:00:32.583 INFO [main] org.apache.catalina.core.ApplicationContext.log Marking servlet [LifecycleServlet] as unavailable
22-Jun-2026 21:00:32.584 SEVERE [main] org.apache.catalina.core.StandardContext.loadOnStartup Servlet [LifecycleServlet] in web application [/ServletLifecycle] threw load() exception
	java.lang.NoSuchMethodException: LifecycleServlet.<init>()
		at java.base/java.lang.Class.getConstructor0(Class.java:3761)
		at java.base/java.lang.Class.getConstructor(Class.java:2442)
		at org.apache.catalina.core.DefaultInstanceManager.newInstance(DefaultInstanceManager.java:140)
		at org.apache.catalina.core.StandardWrapper.loadServlet(StandardWrapper.java:753)
		at org.apache.catalina.core.StandardWrapper.load(StandardWrapper.java:693)
		at org.apache.catalina.core.StandardContext.loadOnStartup(StandardContext.java:4181)
		at org.apache.catalina.core.StandardContext.startInternal(StandardContext.java:4464)
		at org.apache.catalina.util.LifecycleBase.start(LifecycleBase.java:164)
		at org.apache.catalina.core.ContainerBase.addChild(ContainerBase.java:564)
		at org.apache.catalina.core.StandardHost.addChild(StandardHost.java:663)
		at org.apache.catalina.startup.HostConfig.deployDescriptor(HostConfig.java:590)
		at org.apache.catalina.startup.HostConfig$DeployDescriptor.run(HostConfig.java:1828)
		at java.base/java.util.concurrent.Executors$RunnableAdapter.call(Executors.java:572)
		at java.base/java.util.concurrent.FutureTask.run(FutureTask.java:317)
		at org.apache.tomcat.util.threads.InlineExecutorService.execute(InlineExecutorService.java:81)
		at java.base/java.util.concurrent.AbstractExecutorService.submit(AbstractExecutorService.java:123)
		at org.apache.catalina.startup.HostConfig.deployDescriptors(HostConfig.java:485)
		at org.apache.catalina.startup.HostConfig.deployApps(HostConfig.java:376)
		at org.apache.catalina.startup.HostConfig.start(HostConfig.java:1579)
		at org.apache.catalina.startup.HostConfig.lifecycleEvent(HostConfig.java:262)
		at org.apache.catalina.util.LifecycleBase.fireLifecycleEvent(LifecycleBase.java:109)
		at org.apache.catalina.util.LifecycleBase.setStateInternal(LifecycleBase.java:389)
		at org.apache.catalina.util.LifecycleBase.setState(LifecycleBase.java:336)
		at org.apache.catalina.core.ContainerBase.startInternal(ContainerBase.java:741)
		at org.apache.catalina.core.StandardHost.startInternal(StandardHost.java:780)
		at org.apache.catalina.util.LifecycleBase.start(LifecycleBase.java:164)
		at org.apache.catalina.core.ContainerBase$StartChild.call(ContainerBase.java:1162)
		at org.apache.catalina.core.ContainerBase$StartChild.call(ContainerBase.java:1158)
		at java.base/java.util.concurrent.FutureTask.run(FutureTask.java:317)
		at org.apache.tomcat.util.threads.InlineExecutorService.execute(InlineExecutorService.java:81)
		at java.base/java.util.concurrent.AbstractExecutorService.submit(AbstractExecutorService.java:145)
		at org.apache.catalina.core.ContainerBase.startInternal(ContainerBase.java:714)
		at org.apache.catalina.core.StandardEngine.startInternal(StandardEngine.java:201)
		at org.apache.catalina.util.LifecycleBase.start(LifecycleBase.java:164)
		at org.apache.catalina.core.StandardService.startInternal(StandardService.java:410)
		at org.apache.catalina.util.LifecycleBase.start(LifecycleBase.java:164)
		at org.apache.catalina.core.StandardServer.startInternal(StandardServer.java:864)
		at org.apache.catalina.util.LifecycleBase.start(LifecycleBase.java:164)
		at org.apache.catalina.startup.Catalina.start(Catalina.java:756)
		at java.base/jdk.internal.reflect.DirectMethodHandleAccessor.invoke(DirectMethodHandleAccessor.java:103)
		at java.base/java.lang.reflect.Method.invoke(Method.java:580)
		at org.apache.catalina.startup.Bootstrap.start(Bootstrap.java:339)
		at org.apache.catalina.startup.Bootstrap.main(Bootstrap.java:470)
22-Jun-2026 21:01:33.159 INFO [main] org.apache.catalina.core.ApplicationContext.log Marking servlet [LifecycleServlet] as unavailable
22-Jun-2026 21:01:33.159 SEVERE [main] org.apache.catalina.core.StandardContext.loadOnStartup Servlet [LifecycleServlet] in web application [/ServletLifecycle] threw load() exception
	java.lang.NoSuchMethodException: LifecycleServlet.<init>()
		at java.base/java.lang.Class.getConstructor0(Class.java:3761)
		at java.base/java.lang.Class.getConstructor(Class.java:2442)
		at org.apache.catalina.core.DefaultInstanceManager.newInstance(DefaultInstanceManager.java:140)
		at org.apache.catalina.core.StandardWrapper.loadServlet(StandardWrapper.java:753)
		at org.apache.catalina.core.StandardWrapper.load(StandardWrapper.java:693)
		at org.apache.catalina.core.StandardContext.loadOnStartup(StandardContext.java:4181)
		at org.apache.catalina.core.StandardContext.startInternal(StandardContext.java:4464)
		at org.apache.catalina.util.LifecycleBase.start(LifecycleBase.java:164)
		at org.apache.catalina.core.ContainerBase.addChild(ContainerBase.java:564)
		at org.apache.catalina.core.StandardHost.addChild(StandardHost.java:663)
		at org.apache.catalina.startup.HostConfig.deployDescriptor(HostConfig.java:590)
		at org.apache.catalina.startup.HostConfig$DeployDescriptor.run(HostConfig.java:1828)
		at java.base/java.util.concurrent.Executors$RunnableAdapter.call(Executors.java:572)
		at java.base/java.util.concurrent.FutureTask.run(FutureTask.java:317)
		at org.apache.tomcat.util.threads.InlineExecutorService.execute(InlineExecutorService.java:81)
		at java.base/java.util.concurrent.AbstractExecutorService.submit(AbstractExecutorService.java:123)
		at org.apache.catalina.startup.HostConfig.deployDescriptors(HostConfig.java:485)
		at org.apache.catalina.startup.HostConfig.deployApps(HostConfig.java:376)
		at org.apache.catalina.startup.HostConfig.start(HostConfig.java:1579)
		at org.apache.catalina.startup.HostConfig.lifecycleEvent(HostConfig.java:262)
		at org.apache.catalina.util.LifecycleBase.fireLifecycleEvent(LifecycleBase.java:109)
		at org.apache.catalina.util.LifecycleBase.setStateInternal(LifecycleBase.java:389)
		at org.apache.catalina.util.LifecycleBase.setState(LifecycleBase.java:336)
		at org.apache.catalina.core.ContainerBase.startInternal(ContainerBase.java:741)
		at org.apache.catalina.core.StandardHost.startInternal(StandardHost.java:780)
		at org.apache.catalina.util.LifecycleBase.start(LifecycleBase.java:164)
		at org.apache.catalina.core.ContainerBase$StartChild.call(ContainerBase.java:1162)
		at org.apache.catalina.core.ContainerBase$StartChild.call(ContainerBase.java:1158)
		at java.base/java.util.concurrent.FutureTask.run(FutureTask.java:317)
		at org.apache.tomcat.util.threads.InlineExecutorService.execute(InlineExecutorService.java:81)
		at java.base/java.util.concurrent.AbstractExecutorService.submit(AbstractExecutorService.java:145)
		at org.apache.catalina.core.ContainerBase.startInternal(ContainerBase.java:714)
		at org.apache.catalina.core.StandardEngine.startInternal(StandardEngine.java:201)
		at org.apache.catalina.util.LifecycleBase.start(LifecycleBase.java:164)
		at org.apache.catalina.core.StandardService.startInternal(StandardService.java:410)
		at org.apache.catalina.util.LifecycleBase.start(LifecycleBase.java:164)
		at org.apache.catalina.core.StandardServer.startInternal(StandardServer.java:864)
		at org.apache.catalina.util.LifecycleBase.start(LifecycleBase.java:164)
		at org.apache.catalina.startup.Catalina.start(Catalina.java:756)
		at java.base/jdk.internal.reflect.DirectMethodHandleAccessor.invoke(DirectMethodHandleAccessor.java:103)
		at java.base/java.lang.reflect.Method.invoke(Method.java:580)
		at org.apache.catalina.startup.Bootstrap.start(Bootstrap.java:339)
		at org.apache.catalina.startup.Bootstrap.main(Bootstrap.java:470)
22-Jun-2026 21:03:04.190 INFO [main] org.apache.catalina.core.ApplicationContext.log Marking servlet [LifecycleServlet] as unavailable
22-Jun-2026 21:03:04.190 SEVERE [main] org.apache.catalina.core.StandardContext.loadOnStartup Servlet [LifecycleServlet] in web application [/ServletLifecycle] threw load() exception
	java.lang.NoSuchMethodException: LifecycleServlet.<init>()
		at java.base/java.lang.Class.getConstructor0(Class.java:3761)
		at java.base/java.lang.Class.getConstructor(Class.java:2442)
		at org.apache.catalina.core.DefaultInstanceManager.newInstance(DefaultInstanceManager.java:140)
		at org.apache.catalina.core.StandardWrapper.loadServlet(StandardWrapper.java:753)
		at org.apache.catalina.core.StandardWrapper.load(StandardWrapper.java:693)
		at org.apache.catalina.core.StandardContext.loadOnStartup(StandardContext.java:4181)
		at org.apache.catalina.core.StandardContext.startInternal(StandardContext.java:4464)
		at org.apache.catalina.util.LifecycleBase.start(LifecycleBase.java:164)
		at org.apache.catalina.core.ContainerBase.addChild(ContainerBase.java:564)
		at org.apache.catalina.core.StandardHost.addChild(StandardHost.java:663)
		at org.apache.catalina.startup.HostConfig.deployDescriptor(HostConfig.java:590)
		at org.apache.catalina.startup.HostConfig$DeployDescriptor.run(HostConfig.java:1828)
		at java.base/java.util.concurrent.Executors$RunnableAdapter.call(Executors.java:572)
		at java.base/java.util.concurrent.FutureTask.run(FutureTask.java:317)
		at org.apache.tomcat.util.threads.InlineExecutorService.execute(InlineExecutorService.java:81)
		at java.base/java.util.concurrent.AbstractExecutorService.submit(AbstractExecutorService.java:123)
		at org.apache.catalina.startup.HostConfig.deployDescriptors(HostConfig.java:485)
		at org.apache.catalina.startup.HostConfig.deployApps(HostConfig.java:376)
		at org.apache.catalina.startup.HostConfig.start(HostConfig.java:1579)
		at org.apache.catalina.startup.HostConfig.lifecycleEvent(HostConfig.java:262)
		at org.apache.catalina.util.LifecycleBase.fireLifecycleEvent(LifecycleBase.java:109)
		at org.apache.catalina.util.LifecycleBase.setStateInternal(LifecycleBase.java:389)
		at org.apache.catalina.util.LifecycleBase.setState(LifecycleBase.java:336)
		at org.apache.catalina.core.ContainerBase.startInternal(ContainerBase.java:741)
		at org.apache.catalina.core.StandardHost.startInternal(StandardHost.java:780)
		at org.apache.catalina.util.LifecycleBase.start(LifecycleBase.java:164)
		at org.apache.catalina.core.ContainerBase$StartChild.call(ContainerBase.java:1162)
		at org.apache.catalina.core.ContainerBase$StartChild.call(ContainerBase.java:1158)
		at java.base/java.util.concurrent.FutureTask.run(FutureTask.java:317)
		at org.apache.tomcat.util.threads.InlineExecutorService.execute(InlineExecutorService.java:81)
		at java.base/java.util.concurrent.AbstractExecutorService.submit(AbstractExecutorService.java:145)
		at org.apache.catalina.core.ContainerBase.startInternal(ContainerBase.java:714)
		at org.apache.catalina.core.StandardEngine.startInternal(StandardEngine.java:201)
		at org.apache.catalina.util.LifecycleBase.start(LifecycleBase.java:164)
		at org.apache.catalina.core.StandardService.startInternal(StandardService.java:410)
		at org.apache.catalina.util.LifecycleBase.start(LifecycleBase.java:164)
		at org.apache.catalina.core.StandardServer.startInternal(StandardServer.java:864)
		at org.apache.catalina.util.LifecycleBase.start(LifecycleBase.java:164)
		at org.apache.catalina.startup.Catalina.start(Catalina.java:756)
		at java.base/jdk.internal.reflect.DirectMethodHandleAccessor.invoke(DirectMethodHandleAccessor.java:103)
		at java.base/java.lang.reflect.Method.invoke(Method.java:580)
		at org.apache.catalina.startup.Bootstrap.start(Bootstrap.java:339)
		at org.apache.catalina.startup.Bootstrap.main(Bootstrap.java:470)
22-Jun-2026 21:07:57.436 INFO [main] org.apache.catalina.core.ApplicationContext.log Marking servlet [LifecycleServlet] as unavailable
22-Jun-2026 21:07:57.436 SEVERE [main] org.apache.catalina.core.StandardContext.loadOnStartup Servlet [LifecycleServlet] in web application [/ServletLifecycle] threw load() exception
	java.lang.NoSuchMethodException: LifecycleServlet.<init>()
		at java.base/java.lang.Class.getConstructor0(Class.java:3761)
		at java.base/java.lang.Class.getConstructor(Class.java:2442)
		at org.apache.catalina.core.DefaultInstanceManager.newInstance(DefaultInstanceManager.java:140)
		at org.apache.catalina.core.StandardWrapper.loadServlet(StandardWrapper.java:753)
		at org.apache.catalina.core.StandardWrapper.load(StandardWrapper.java:693)
		at org.apache.catalina.core.StandardContext.loadOnStartup(StandardContext.java:4181)
		at org.apache.catalina.core.StandardContext.startInternal(StandardContext.java:4464)
		at org.apache.catalina.util.LifecycleBase.start(LifecycleBase.java:164)
		at org.apache.catalina.core.ContainerBase.addChild(ContainerBase.java:564)
		at org.apache.catalina.core.StandardHost.addChild(StandardHost.java:663)
		at org.apache.catalina.startup.HostConfig.deployDescriptor(HostConfig.java:590)
		at org.apache.catalina.startup.HostConfig$DeployDescriptor.run(HostConfig.java:1828)
		at java.base/java.util.concurrent.Executors$RunnableAdapter.call(Executors.java:572)
		at java.base/java.util.concurrent.FutureTask.run(FutureTask.java:317)
		at org.apache.tomcat.util.threads.InlineExecutorService.execute(InlineExecutorService.java:81)
		at java.base/java.util.concurrent.AbstractExecutorService.submit(AbstractExecutorService.java:123)
		at org.apache.catalina.startup.HostConfig.deployDescriptors(HostConfig.java:485)
		at org.apache.catalina.startup.HostConfig.deployApps(HostConfig.java:376)
		at org.apache.catalina.startup.HostConfig.start(HostConfig.java:1579)
		at org.apache.catalina.startup.HostConfig.lifecycleEvent(HostConfig.java:262)
		at org.apache.catalina.util.LifecycleBase.fireLifecycleEvent(LifecycleBase.java:109)
		at org.apache.catalina.util.LifecycleBase.setStateInternal(LifecycleBase.java:389)
		at org.apache.catalina.util.LifecycleBase.setState(LifecycleBase.java:336)
		at org.apache.catalina.core.ContainerBase.startInternal(ContainerBase.java:741)
		at org.apache.catalina.core.StandardHost.startInternal(StandardHost.java:780)
		at org.apache.catalina.util.LifecycleBase.start(LifecycleBase.java:164)
		at org.apache.catalina.core.ContainerBase$StartChild.call(ContainerBase.java:1162)
		at org.apache.catalina.core.ContainerBase$StartChild.call(ContainerBase.java:1158)
		at java.base/java.util.concurrent.FutureTask.run(FutureTask.java:317)
		at org.apache.tomcat.util.threads.InlineExecutorService.execute(InlineExecutorService.java:81)
		at java.base/java.util.concurrent.AbstractExecutorService.submit(AbstractExecutorService.java:145)
		at org.apache.catalina.core.ContainerBase.startInternal(ContainerBase.java:714)
		at org.apache.catalina.core.StandardEngine.startInternal(StandardEngine.java:201)
		at org.apache.catalina.util.LifecycleBase.start(LifecycleBase.java:164)
		at org.apache.catalina.core.StandardService.startInternal(StandardService.java:410)
		at org.apache.catalina.util.LifecycleBase.start(LifecycleBase.java:164)
		at org.apache.catalina.core.StandardServer.startInternal(StandardServer.java:864)
		at org.apache.catalina.util.LifecycleBase.start(LifecycleBase.java:164)
		at org.apache.catalina.startup.Catalina.start(Catalina.java:756)
		at java.base/jdk.internal.reflect.DirectMethodHandleAccessor.invoke(DirectMethodHandleAccessor.java:103)
		at java.base/java.lang.reflect.Method.invoke(Method.java:580)
		at org.apache.catalina.startup.Bootstrap.start(Bootstrap.java:339)
		at org.apache.catalina.startup.Bootstrap.main(Bootstrap.java:470)
22-Jun-2026 23:09:01.605 INFO [main] org.apache.catalina.core.ApplicationContext.log Marking servlet [LifecycleServlet] as unavailable
22-Jun-2026 23:09:01.606 SEVERE [main] org.apache.catalina.core.StandardContext.loadOnStartup Servlet [LifecycleServlet] in web application [/ServletLifecycle] threw load() exception
	java.lang.NoSuchMethodException: LifecycleServlet.<init>()
		at java.base/java.lang.Class.getConstructor0(Class.java:3761)
		at java.base/java.lang.Class.getConstructor(Class.java:2442)
		at org.apache.catalina.core.DefaultInstanceManager.newInstance(DefaultInstanceManager.java:140)
		at org.apache.catalina.core.StandardWrapper.loadServlet(StandardWrapper.java:753)
		at org.apache.catalina.core.StandardWrapper.load(StandardWrapper.java:693)
		at org.apache.catalina.core.StandardContext.loadOnStartup(StandardContext.java:4181)
		at org.apache.catalina.core.StandardContext.startInternal(StandardContext.java:4464)
		at org.apache.catalina.util.LifecycleBase.start(LifecycleBase.java:164)
		at org.apache.catalina.core.ContainerBase.addChild(ContainerBase.java:564)
		at org.apache.catalina.core.StandardHost.addChild(StandardHost.java:663)
		at org.apache.catalina.startup.HostConfig.deployDescriptor(HostConfig.java:590)
		at org.apache.catalina.startup.HostConfig$DeployDescriptor.run(HostConfig.java:1828)
		at java.base/java.util.concurrent.Executors$RunnableAdapter.call(Executors.java:572)
		at java.base/java.util.concurrent.FutureTask.run(FutureTask.java:317)
		at org.apache.tomcat.util.threads.InlineExecutorService.execute(InlineExecutorService.java:81)
		at java.base/java.util.concurrent.AbstractExecutorService.submit(AbstractExecutorService.java:123)
		at org.apache.catalina.startup.HostConfig.deployDescriptors(HostConfig.java:485)
		at org.apache.catalina.startup.HostConfig.deployApps(HostConfig.java:376)
		at org.apache.catalina.startup.HostConfig.start(HostConfig.java:1579)
		at org.apache.catalina.startup.HostConfig.lifecycleEvent(HostConfig.java:262)
		at org.apache.catalina.util.LifecycleBase.fireLifecycleEvent(LifecycleBase.java:109)
		at org.apache.catalina.util.LifecycleBase.setStateInternal(LifecycleBase.java:389)
		at org.apache.catalina.util.LifecycleBase.setState(LifecycleBase.java:336)
		at org.apache.catalina.core.ContainerBase.startInternal(ContainerBase.java:741)
		at org.apache.catalina.core.StandardHost.startInternal(StandardHost.java:780)
		at org.apache.catalina.util.LifecycleBase.start(LifecycleBase.java:164)
		at org.apache.catalina.core.ContainerBase$StartChild.call(ContainerBase.java:1162)
		at org.apache.catalina.core.ContainerBase$StartChild.call(ContainerBase.java:1158)
		at java.base/java.util.concurrent.FutureTask.run(FutureTask.java:317)
		at org.apache.tomcat.util.threads.InlineExecutorService.execute(InlineExecutorService.java:81)
		at java.base/java.util.concurrent.AbstractExecutorService.submit(AbstractExecutorService.java:145)
		at org.apache.catalina.core.ContainerBase.startInternal(ContainerBase.java:714)
		at org.apache.catalina.core.StandardEngine.startInternal(StandardEngine.java:201)
		at org.apache.catalina.util.LifecycleBase.start(LifecycleBase.java:164)
		at org.apache.catalina.core.StandardService.startInternal(StandardService.java:410)
		at org.apache.catalina.util.LifecycleBase.start(LifecycleBase.java:164)
		at org.apache.catalina.core.StandardServer.startInternal(StandardServer.java:864)
		at org.apache.catalina.util.LifecycleBase.start(LifecycleBase.java:164)
		at org.apache.catalina.startup.Catalina.start(Catalina.java:756)
		at java.base/jdk.internal.reflect.DirectMethodHandleAccessor.invoke(DirectMethodHandleAccessor.java:103)
		at java.base/java.lang.reflect.Method.invoke(Method.java:580)
		at org.apache.catalina.startup.Bootstrap.start(Bootstrap.java:339)
		at org.apache.catalina.startup.Bootstrap.main(Bootstrap.java:470)
22-Jun-2026 23:12:40.259 INFO [main] org.apache.catalina.core.ApplicationContext.log Marking servlet [LifecycleServlet] as unavailable
22-Jun-2026 23:12:40.259 SEVERE [main] org.apache.catalina.core.StandardContext.loadOnStartup Servlet [LifecycleServlet] in web application [/ServletLifecycle] threw load() exception
	java.lang.NoSuchMethodException: LifecycleServlet.<init>()
		at java.base/java.lang.Class.getConstructor0(Class.java:3761)
		at java.base/java.lang.Class.getConstructor(Class.java:2442)
		at org.apache.catalina.core.DefaultInstanceManager.newInstance(DefaultInstanceManager.java:140)
		at org.apache.catalina.core.StandardWrapper.loadServlet(StandardWrapper.java:753)
		at org.apache.catalina.core.StandardWrapper.load(StandardWrapper.java:693)
		at org.apache.catalina.core.StandardContext.loadOnStartup(StandardContext.java:4181)
		at org.apache.catalina.core.StandardContext.startInternal(StandardContext.java:4464)
		at org.apache.catalina.util.LifecycleBase.start(LifecycleBase.java:164)
		at org.apache.catalina.core.ContainerBase.addChild(ContainerBase.java:564)
		at org.apache.catalina.core.StandardHost.addChild(StandardHost.java:663)
		at org.apache.catalina.startup.HostConfig.deployDescriptor(HostConfig.java:590)
		at org.apache.catalina.startup.HostConfig$DeployDescriptor.run(HostConfig.java:1828)
		at java.base/java.util.concurrent.Executors$RunnableAdapter.call(Executors.java:572)
		at java.base/java.util.concurrent.FutureTask.run(FutureTask.java:317)
		at org.apache.tomcat.util.threads.InlineExecutorService.execute(InlineExecutorService.java:81)
		at java.base/java.util.concurrent.AbstractExecutorService.submit(AbstractExecutorService.java:123)
		at org.apache.catalina.startup.HostConfig.deployDescriptors(HostConfig.java:485)
		at org.apache.catalina.startup.HostConfig.deployApps(HostConfig.java:376)
		at org.apache.catalina.startup.HostConfig.start(HostConfig.java:1579)
		at org.apache.catalina.startup.HostConfig.lifecycleEvent(HostConfig.java:262)
		at org.apache.catalina.util.LifecycleBase.fireLifecycleEvent(LifecycleBase.java:109)
		at org.apache.catalina.util.LifecycleBase.setStateInternal(LifecycleBase.java:389)
		at org.apache.catalina.util.LifecycleBase.setState(LifecycleBase.java:336)
		at org.apache.catalina.core.ContainerBase.startInternal(ContainerBase.java:741)
		at org.apache.catalina.core.StandardHost.startInternal(StandardHost.java:780)
		at org.apache.catalina.util.LifecycleBase.start(LifecycleBase.java:164)
		at org.apache.catalina.core.ContainerBase$StartChild.call(ContainerBase.java:1162)
		at org.apache.catalina.core.ContainerBase$StartChild.call(ContainerBase.java:1158)
		at java.base/java.util.concurrent.FutureTask.run(FutureTask.java:317)
		at org.apache.tomcat.util.threads.InlineExecutorService.execute(InlineExecutorService.java:81)
		at java.base/java.util.concurrent.AbstractExecutorService.submit(AbstractExecutorService.java:145)
		at org.apache.catalina.core.ContainerBase.startInternal(ContainerBase.java:714)
		at org.apache.catalina.core.StandardEngine.startInternal(StandardEngine.java:201)
		at org.apache.catalina.util.LifecycleBase.start(LifecycleBase.java:164)
		at org.apache.catalina.core.StandardService.startInternal(StandardService.java:410)
		at org.apache.catalina.util.LifecycleBase.start(LifecycleBase.java:164)
		at org.apache.catalina.core.StandardServer.startInternal(StandardServer.java:864)
		at org.apache.catalina.util.LifecycleBase.start(LifecycleBase.java:164)
		at org.apache.catalina.startup.Catalina.start(Catalina.java:756)
		at java.base/jdk.internal.reflect.DirectMethodHandleAccessor.invoke(DirectMethodHandleAccessor.java:103)
		at java.base/java.lang.reflect.Method.invoke(Method.java:580)
		at org.apache.catalina.startup.Bootstrap.start(Bootstrap.java:339)
		at org.apache.catalina.startup.Bootstrap.main(Bootstrap.java:470)
22-Jun-2026 23:13:30.147 INFO [main] org.apache.catalina.core.ApplicationContext.log Marking servlet [LifecycleServlet] as unavailable
22-Jun-2026 23:13:30.147 SEVERE [main] org.apache.catalina.core.StandardContext.loadOnStartup Servlet [LifecycleServlet] in web application [/ServletLifecycle] threw load() exception
	java.lang.NoSuchMethodException: LifecycleServlet.<init>()
		at java.base/java.lang.Class.getConstructor0(Class.java:3761)
		at java.base/java.lang.Class.getConstructor(Class.java:2442)
		at org.apache.catalina.core.DefaultInstanceManager.newInstance(DefaultInstanceManager.java:140)
		at org.apache.catalina.core.StandardWrapper.loadServlet(StandardWrapper.java:753)
		at org.apache.catalina.core.StandardWrapper.load(StandardWrapper.java:693)
		at org.apache.catalina.core.StandardContext.loadOnStartup(StandardContext.java:4181)
		at org.apache.catalina.core.StandardContext.startInternal(StandardContext.java:4464)
		at org.apache.catalina.util.LifecycleBase.start(LifecycleBase.java:164)
		at org.apache.catalina.core.ContainerBase.addChild(ContainerBase.java:564)
		at org.apache.catalina.core.StandardHost.addChild(StandardHost.java:663)
		at org.apache.catalina.startup.HostConfig.deployDescriptor(HostConfig.java:590)
		at org.apache.catalina.startup.HostConfig$DeployDescriptor.run(HostConfig.java:1828)
		at java.base/java.util.concurrent.Executors$RunnableAdapter.call(Executors.java:572)
		at java.base/java.util.concurrent.FutureTask.run(FutureTask.java:317)
		at org.apache.tomcat.util.threads.InlineExecutorService.execute(InlineExecutorService.java:81)
		at java.base/java.util.concurrent.AbstractExecutorService.submit(AbstractExecutorService.java:123)
		at org.apache.catalina.startup.HostConfig.deployDescriptors(HostConfig.java:485)
		at org.apache.catalina.startup.HostConfig.deployApps(HostConfig.java:376)
		at org.apache.catalina.startup.HostConfig.start(HostConfig.java:1579)
		at org.apache.catalina.startup.HostConfig.lifecycleEvent(HostConfig.java:262)
		at org.apache.catalina.util.LifecycleBase.fireLifecycleEvent(LifecycleBase.java:109)
		at org.apache.catalina.util.LifecycleBase.setStateInternal(LifecycleBase.java:389)
		at org.apache.catalina.util.LifecycleBase.setState(LifecycleBase.java:336)
		at org.apache.catalina.core.ContainerBase.startInternal(ContainerBase.java:741)
		at org.apache.catalina.core.StandardHost.startInternal(StandardHost.java:780)
		at org.apache.catalina.util.LifecycleBase.start(LifecycleBase.java:164)
		at org.apache.catalina.core.ContainerBase$StartChild.call(ContainerBase.java:1162)
		at org.apache.catalina.core.ContainerBase$StartChild.call(ContainerBase.java:1158)
		at java.base/java.util.concurrent.FutureTask.run(FutureTask.java:317)
		at org.apache.tomcat.util.threads.InlineExecutorService.execute(InlineExecutorService.java:81)
		at java.base/java.util.concurrent.AbstractExecutorService.submit(AbstractExecutorService.java:145)
		at org.apache.catalina.core.ContainerBase.startInternal(ContainerBase.java:714)
		at org.apache.catalina.core.StandardEngine.startInternal(StandardEngine.java:201)
		at org.apache.catalina.util.LifecycleBase.start(LifecycleBase.java:164)
		at org.apache.catalina.core.StandardService.startInternal(StandardService.java:410)
		at org.apache.catalina.util.LifecycleBase.start(LifecycleBase.java:164)
		at org.apache.catalina.core.StandardServer.startInternal(StandardServer.java:864)
		at org.apache.catalina.util.LifecycleBase.start(LifecycleBase.java:164)
		at org.apache.catalina.startup.Catalina.start(Catalina.java:756)
		at java.base/jdk.internal.reflect.DirectMethodHandleAccessor.invoke(DirectMethodHandleAccessor.java:103)
		at java.base/java.lang.reflect.Method.invoke(Method.java:580)
		at org.apache.catalina.startup.Bootstrap.start(Bootstrap.java:339)
		at org.apache.catalina.startup.Bootstrap.main(Bootstrap.java:470)
